<html>
<body>
<pre>
<h1>礦ision Build Log</h1>
<h2>Tool Versions:</h2>
IDE-Version: μVision V5.24.2.0
Copyright (C) 2017 ARM Ltd and ARM Germany GmbH. All rights reserved.
License Information: peng Lenovo, 1, LIC=76F5U-SWMGI-HLKCL-0E354-ULX2G-ATC7J
 
Tool Versions:
Toolchain:       MDK-ARM Plus  Version: 5.24.1
Toolchain Path:  D:\keil5\ARM\ARMCC\Bin
C Compiler:      Armcc.exe V5.06 update 5 (build 528)
Assembler:       Armasm.exe V5.06 update 5 (build 528)
Linker/Locator:  ArmLink.exe V5.06 update 5 (build 528)
Library Manager: ArmAr.exe V5.06 update 5 (build 528)
Hex Converter:   FromElf.exe V5.06 update 5 (build 528)
CPU DLL:         SARMCM3.DLL V5.24.1
Dialog DLL:      DCM.DLL V1.16.0.0
Target DLL:      CMSIS_AGDI.dll V1.28.3.0
Dialog DLL:      TCM.DLL V1.32.0.0
 
<h2>Project:</h2>
E:\baibu\41-数码相框-图片显示实验\41-数码相框-图片显示实验\Template.uvprojx
Project File Date:  12/23/2025

<h2>Output:</h2>
*** Using Compiler 'V5.06 update 5 (build 528)', folder: 'D:\keil5\ARM\ARMCC\Bin'
Rebuild target 'Target 1'
assembling startup_stm32f10x_hd.s...
compiling main.c...
compiling stm32f10x_iwdg.c...
compiling misc.c...
compiling stm32f10x_gpio.c...
compiling stm32f10x_adc.c...
compiling stm32f10x_usart.c...
compiling stm32f10x_bkp.c...
compiling stm32f10x_it.c...
compiling stm32f10x_pwr.c...
compiling stm32f10x_dac.c...
compiling stm32f10x_wwdg.c...
compiling stm32f10x_exti.c...
compiling stm32f10x_rcc.c...
compiling stm32f10x_tim.c...
compiling stm32f10x_rtc.c...
compiling stm32f10x_dma.c...
compiling stm32f10x_can.c...
compiling stm32f10x_fsmc.c...
compiling stm32f10x_spi.c...
compiling stm32f10x_flash.c...
compiling stm32f10x_sdio.c...
compiling system_stm32f10x.c...
compiling core_cm3.c...
compiling led.c...
compiling spi.c...
compiling SysTick.c...
compiling system.c...
compiling key.c...
compiling flash.c...
compiling tftlcd.c...
APP\tftlcd\tftlcd.c(1116): warning:  #177-D: variable "g"  was declared but never referenced
   	u16 r=0,g=0,b=0;
APP\tftlcd\tftlcd.c(1116): warning:  #177-D: variable "b"  was declared but never referenced
   	u16 r=0,g=0,b=0;
APP\tftlcd\tftlcd.c(1117): warning:  #177-D: variable "r1"  was declared but never referenced
  	u16 r1,r2,r3;
APP\tftlcd\tftlcd.c(1117): warning:  #177-D: variable "r2"  was declared but never referenced
  	u16 r1,r2,r3;
APP\tftlcd\tftlcd.c(1117): warning:  #177-D: variable "r3"  was declared but never referenced
  	u16 r1,r2,r3;
APP\tftlcd\tftlcd.c(1118): warning:  #177-D: variable "value"  was declared but never referenced
  	u32 value;
APP\tftlcd\tftlcd.c(4238): warning:  #550-D: variable "num"  was set but never used
  	long tmp=0,num=0;
APP\tftlcd\tftlcd.c: 7 warnings, 0 errors
compiling usart.c...
compiling sd_sdio.c...
compiling malloc.c...
compiling diskio.c...
compiling mycc936.c...
compiling fatfs_app.c...
compiling font_show.c...
compiling ff.c...
compiling font_update.c...
Font\font_update.c(142): warning:  #177-D: variable "j"  was declared but never referenced
   	u16 i,j;
Font\font_update.c: 1 warning, 0 errors
compiling bmp.c...
compiling piclib.c...
Picture\piclib.c(27): warning:  #513-D: a value of type "u16 (*)(u16, u16)" cannot be assigned to an entity of type "u32 (*)(u16, u16)"
  	pic_phy.read_point=LCD_ReadPoint;  		//读点函数实现,仅BMP需要
Picture\piclib.c(28): warning:  #513-D: a value of type "void (*)(u16, u16, u16)" cannot be assigned to an entity of type "void (*)(u16, u16, u32)"
  	pic_phy.draw_point=LCD_DrawFRONT_COLOR;	//画点函数实现
Picture\piclib.c(29): warning:  #513-D: a value of type "void (*)(u16, u16, u16, u16, u16)" cannot be assigned to an entity of type "void (*)(u16, u16, u16, u16, u32)"
  	pic_phy.fill=LCD_Fill;					//填充函数实现,仅GIF需要
Picture\piclib.c: 3 warnings, 0 errors
compiling gif.c...
compiling tjpgd.c...
linking...
Program Size: Code=40618 RO-data=21778 RW-data=132 ZI-data=1094540  
FromELF: creating hex file...
".\Obj\Template.axf" - 0 Error(s), 11 Warning(s).

<h2>Software Packages used:</h2>

Package Vendor: Keil
                http://www.keil.com/pack/Keil.STM32F1xx_DFP.2.2.0.pack
                Keil.STM32F1xx_DFP.2.2.0
                STMicroelectronics STM32F1 Series Device Support, Drivers and Examples

<h2>Collection of Component include folders:</h2>
  .\RTE\_Target_1
  D:\keil5\ARM\PACK\Keil\STM32F1xx_DFP\2.2.0\Device\Include

<h2>Collection of Component Files used:</h2>
Build Time Elapsed:  00:00:03
</pre>
</body>
</html>
