Component: ARM Compiler 5.06 update 5 (build 528) Tool: armlink [4d35e2]

==============================================================================

Section Cross References

    main.o(i.main) refers to systick.o(i.SysTick_Init) for SysTick_Init
    main.o(i.main) refers to misc.o(i.NVIC_PriorityGroupConfig) for NVIC_PriorityGroupConfig
    main.o(i.main) refers to led.o(i.LED_Init) for LED_Init
    main.o(i.main) refers to usart.o(i.USART1_Init) for USART1_Init
    main.o(i.main) refers to tftlcd.o(i.TFTLCD_Init) for TFTLCD_Init
    main.o(i.main) refers to key.o(i.KEY_Init) for KEY_Init
    main.o(i.main) refers to flash.o(i.EN25QXX_Init) for EN25QXX_Init
    main.o(i.main) refers to malloc.o(i.my_mem_init) for my_mem_init
    main.o(i.main) refers to tftlcd.o(i.LCD_ShowString) for LCD_ShowString
    main.o(i.main) refers to systick.o(i.delay_ms) for delay_ms
    main.o(i.main) refers to sd_sdio.o(i.SD_Init) for SD_Init
    main.o(i.main) refers to fatfs_app.o(i.FATFS_Init) for FATFS_Init
    main.o(i.main) refers to ff.o(i.f_mount) for f_mount
    main.o(i.main) refers to font_update.o(i.font_init) for font_init
    main.o(i.main) refers to font_show.o(i.LCD_ShowFontString) for LCD_ShowFontString
    main.o(i.main) refers to tftlcd.o(i.LCD_Fill) for LCD_Fill
    main.o(i.main) refers to ff.o(i.f_opendir) for f_opendir
    main.o(i.main) refers to fatfs_app.o(i.fatfs_get_filetype_tnum) for fatfs_get_filetype_tnum
    main.o(i.main) refers to malloc.o(i.mymalloc) for mymalloc
    main.o(i.main) refers to ff.o(i.f_readdir) for f_readdir
    main.o(i.main) refers to fatfs_app.o(i.f_typetell) for f_typetell
    main.o(i.main) refers to piclib.o(i.piclib_init) for piclib_init
    main.o(i.main) refers to ff.o(i.dir_sdi) for dir_sdi
    main.o(i.main) refers to strcpy.o(.text) for strcpy
    main.o(i.main) refers to strcat.o(.text) for strcat
    main.o(i.main) refers to tftlcd.o(i.LCD_Clear) for LCD_Clear
    main.o(i.main) refers to piclib.o(i.picfile_display) for picfile_display
    main.o(i.main) refers to key.o(i.KEY_Scan) for KEY_Scan
    main.o(i.main) refers to malloc.o(i.myfree) for myfree
    main.o(i.main) refers to tftlcd.o(.data) for FRONT_COLOR
    main.o(i.main) refers to fatfs_app.o(.bss) for fs
    startup_stm32f10x_hd.o(RESET) refers to startup_stm32f10x_hd.o(STACK) for __initial_sp
    startup_stm32f10x_hd.o(RESET) refers to startup_stm32f10x_hd.o(.text) for Reset_Handler
    startup_stm32f10x_hd.o(RESET) refers to stm32f10x_it.o(i.NMI_Handler) for NMI_Handler
    startup_stm32f10x_hd.o(RESET) refers to stm32f10x_it.o(i.HardFault_Handler) for HardFault_Handler
    startup_stm32f10x_hd.o(RESET) refers to stm32f10x_it.o(i.MemManage_Handler) for MemManage_Handler
    startup_stm32f10x_hd.o(RESET) refers to stm32f10x_it.o(i.BusFault_Handler) for BusFault_Handler
    startup_stm32f10x_hd.o(RESET) refers to stm32f10x_it.o(i.UsageFault_Handler) for UsageFault_Handler
    startup_stm32f10x_hd.o(RESET) refers to stm32f10x_it.o(i.SVC_Handler) for SVC_Handler
    startup_stm32f10x_hd.o(RESET) refers to stm32f10x_it.o(i.DebugMon_Handler) for DebugMon_Handler
    startup_stm32f10x_hd.o(RESET) refers to stm32f10x_it.o(i.PendSV_Handler) for PendSV_Handler
    startup_stm32f10x_hd.o(RESET) refers to stm32f10x_it.o(i.SysTick_Handler) for SysTick_Handler
    startup_stm32f10x_hd.o(RESET) refers to usart.o(i.USART1_IRQHandler) for USART1_IRQHandler
    startup_stm32f10x_hd.o(RESET) refers to sd_sdio.o(i.SDIO_IRQHandler) for SDIO_IRQHandler
    startup_stm32f10x_hd.o(.text) refers to system_stm32f10x.o(i.SystemInit) for SystemInit
    startup_stm32f10x_hd.o(.text) refers to entry.o(.ARM.Collect$$$$00000000) for __main
    stm32f10x_gpio.o(i.GPIO_AFIODeInit) refers to stm32f10x_rcc.o(i.RCC_APB2PeriphResetCmd) for RCC_APB2PeriphResetCmd
    stm32f10x_gpio.o(i.GPIO_DeInit) refers to stm32f10x_rcc.o(i.RCC_APB2PeriphResetCmd) for RCC_APB2PeriphResetCmd
    stm32f10x_rcc.o(i.RCC_GetClocksFreq) refers to stm32f10x_rcc.o(.data) for APBAHBPrescTable
    stm32f10x_rcc.o(i.RCC_WaitForHSEStartUp) refers to stm32f10x_rcc.o(i.RCC_GetFlagStatus) for RCC_GetFlagStatus
    stm32f10x_tim.o(i.TIM_DeInit) refers to stm32f10x_rcc.o(i.RCC_APB2PeriphResetCmd) for RCC_APB2PeriphResetCmd
    stm32f10x_tim.o(i.TIM_DeInit) refers to stm32f10x_rcc.o(i.RCC_APB1PeriphResetCmd) for RCC_APB1PeriphResetCmd
    stm32f10x_tim.o(i.TIM_ETRClockMode1Config) refers to stm32f10x_tim.o(i.TIM_ETRConfig) for TIM_ETRConfig
    stm32f10x_tim.o(i.TIM_ETRClockMode2Config) refers to stm32f10x_tim.o(i.TIM_ETRConfig) for TIM_ETRConfig
    stm32f10x_tim.o(i.TIM_ICInit) refers to stm32f10x_tim.o(i.TI1_Config) for TI1_Config
    stm32f10x_tim.o(i.TIM_ICInit) refers to stm32f10x_tim.o(i.TIM_SetIC1Prescaler) for TIM_SetIC1Prescaler
    stm32f10x_tim.o(i.TIM_ICInit) refers to stm32f10x_tim.o(i.TI2_Config) for TI2_Config
    stm32f10x_tim.o(i.TIM_ICInit) refers to stm32f10x_tim.o(i.TIM_SetIC2Prescaler) for TIM_SetIC2Prescaler
[...]
    get_fileinfo                             0x08006d8b   Thumb Code   354  ff.o(i.get_fileinfo)
    i.get_ldnumber                           0x08006eec   Section        0  ff.o(i.get_ldnumber)
    get_ldnumber                             0x08006eed   Thumb Code    74  ff.o(i.get_ldnumber)
    i.get_xdir_info                          0x08006f36   Section        0  ff.o(i.get_xdir_info)
    get_xdir_info                            0x08006f37   Thumb Code   188  ff.o(i.get_xdir_info)
    i.gif_check_head                         0x08006ff2   Section        0  gif.o(i.gif_check_head)
    i.gif_clear2bkcolor                      0x0800704c   Section        0  gif.o(i.gif_clear2bkcolor)
    i.gif_decode                             0x08007240   Section        0  gif.o(i.gif_decode)
    i.gif_dispimage                          0x0800736c   Section        0  gif.o(i.gif_dispimage)
    i.gif_drawimage                          0x08007584   Section        0  gif.o(i.gif_drawimage)
    i.gif_getdatablock                       0x080076dc   Section        0  gif.o(i.gif_getdatablock)
    i.gif_getinfo                            0x08007744   Section        0  gif.o(i.gif_getinfo)
    i.gif_getnextbyte                        0x0800778a   Section        0  gif.o(i.gif_getnextbyte)
    i.gif_getnextcode                        0x08007ae4   Section        0  gif.o(i.gif_getnextcode)
    i.gif_getrgb565                          0x08007cac   Section        0  gif.o(i.gif_getrgb565)
    i.gif_initlzw                            0x08007cc8   Section        0  gif.o(i.gif_initlzw)
    i.gif_readcolortbl                       0x08007d60   Section        0  gif.o(i.gif_readcolortbl)
    i.gif_readextension                      0x08007da0   Section        0  gif.o(i.gif_readextension)
    i.gif_recovergctbl                       0x08007e40   Section        0  gif.o(i.gif_recovergctbl)
    i.gif_savegctbl                          0x08007e66   Section        0  gif.o(i.gif_savegctbl)
    i.huffext                                0x08007e8c   Section        0  tjpgd.o(i.huffext)
    huffext                                  0x08007e8d   Thumb Code   192  tjpgd.o(i.huffext)
    i.is_element_ok                          0x08007f4c   Section        0  piclib.o(i.is_element_ok)
    i.jd_decomp                              0x08007f74   Section        0  tjpgd.o(i.jd_decomp)
    i.jd_prepare                             0x08008016   Section        0  tjpgd.o(i.jd_prepare)
    i.jpeg_freeall                           0x080083b4   Section        0  tjpgd.o(i.jpeg_freeall)
    i.jpeg_in_func                           0x080083dc   Section        0  tjpgd.o(i.jpeg_in_func)
    i.jpeg_mallocall                         0x0800841c   Section        0  tjpgd.o(i.jpeg_mallocall)
    i.jpeg_out_func_fill                     0x08008470   Section        0  tjpgd.o(i.jpeg_out_func_fill)
    i.jpeg_out_func_point                    0x080084c4   Section        0  tjpgd.o(i.jpeg_out_func_point)
    i.jpg_decode                             0x08008584   Section        0  tjpgd.o(i.jpg_decode)
    i.ld_clust                               0x08008688   Section        0  ff.o(i.ld_clust)
    ld_clust                                 0x08008689   Thumb Code    38  ff.o(i.ld_clust)
    i.ld_dword                               0x080086ae   Section        0  ff.o(i.ld_dword)
    ld_dword                                 0x080086af   Thumb Code    24  ff.o(i.ld_dword)
    i.ld_qword                               0x080086c6   Section        0  ff.o(i.ld_qword)
    ld_qword                                 0x080086c7   Thumb Code    98  ff.o(i.ld_qword)
    i.ld_word                                0x08008728   Section        0  ff.o(i.ld_word)
    ld_word                                  0x08008729   Thumb Code    12  ff.o(i.ld_word)
    i.load_obj_dir                           0x08008734   Section        0  ff.o(i.load_obj_dir)
    load_obj_dir                             0x08008735   Thumb Code    60  ff.o(i.load_obj_dir)
    i.load_xdir                              0x08008770   Section        0  ff.o(i.load_xdir)
    load_xdir                                0x08008771   Thumb Code   220  ff.o(i.load_xdir)
    i.main                                   0x0800884c   Section        0  main.o(i.main)
    i.mcu_load                               0x08008cbc   Section        0  tjpgd.o(i.mcu_load)
    mcu_load                                 0x08008cbd   Thumb Code   476  tjpgd.o(i.mcu_load)
    i.mcu_output                             0x08008e9c   Section        0  tjpgd.o(i.mcu_output)
    mcu_output                               0x08008e9d   Thumb Code   910  tjpgd.o(i.mcu_output)
    i.mem_cmp                                0x08009230   Section        0  ff.o(i.mem_cmp)
    mem_cmp                                  0x08009231   Thumb Code    36  ff.o(i.mem_cmp)
    i.mem_cpy                                0x08009254   Section        0  ff.o(i.mem_cpy)
    mem_cpy                                  0x08009255   Thumb Code    26  ff.o(i.mem_cpy)
    i.mem_set                                0x0800926e   Section        0  ff.o(i.mem_set)
    mem_set                                  0x0800926f   Thumb Code    18  ff.o(i.mem_set)
    i.move_window                            0x08009280   Section        0  ff.o(i.move_window)
    move_window                              0x08009281   Thumb Code    52  ff.o(i.move_window)
    i.my_mem_free                            0x080092b4   Section        0  malloc.o(i.my_mem_free)
    i.my_mem_init                            0x08009320   Section        0  malloc.o(i.my_mem_init)
    i.my_mem_malloc                          0x08009364   Section        0  malloc.o(i.my_mem_malloc)
    i.my_mem_perused                         0x0800940c   Section        0  malloc.o(i.my_mem_perused)
    i.my_mem_set                             0x0800944c   Section        0  malloc.o(i.my_mem_set)
    i.myfree                                 0x08009460   Section        0  malloc.o(i.myfree)
    i.mymalloc                               0x08009484   Section        0  malloc.o(i.mymalloc)
    i.pic_memalloc                           0x080094ac   Section        0  piclib.o(i.pic_memalloc)
    i.pic_memfree                            0x080094ba   Section        0  piclib.o(i.pic_memfree)
    i.picfile_display                        0x080094c8   Section        0  piclib.o(i.picfile_display)
    i.pick_lfn                               0x08009598   Section        0  ff.o(i.pick_lfn)
    pick_lfn                                 0x08009599   Thumb Code   130  ff.o(i.pick_lfn)
    i.piclib_draw_hline                      0x08009620   Section        0  piclib.o(i.piclib_draw_hline)
    i.piclib_fill_color                      0x08009658   Section        0  piclib.o(i.piclib_fill_color)
    i.piclib_init                            0x08009684   Section        0  piclib.o(i.piclib_init)
    i.put_fat                                0x080096e0   Section        0  ff.o(i.put_fat)
    put_fat                                  0x080096e1   Thumb Code   324  ff.o(i.put_fat)
    i.put_lfn                                0x08009824   Section        0  ff.o(i.put_lfn)
    put_lfn                                  0x08009825   Thumb Code   124  ff.o(i.put_lfn)
    i.remove_chain                           0x080098a4   Section        0  ff.o(i.remove_chain)
    remove_chain                             0x080098a5   Thumb Code   266  ff.o(i.remove_chain)
    i.restart                                0x080099ae   Section        0  tjpgd.o(i.restart)
    restart                                  0x080099af   Thumb Code   112  tjpgd.o(i.restart)
    i.st_clust                               0x08009a1e   Section        0  ff.o(i.st_clust)
    st_clust                                 0x08009a1f   Thumb Code    36  ff.o(i.st_clust)
    i.st_dword                               0x08009a42   Section        0  ff.o(i.st_dword)
    st_dword                                 0x08009a43   Thumb Code    24  ff.o(i.st_dword)
    i.st_qword                               0x08009a5a   Section        0  ff.o(i.st_qword)
    st_qword                                 0x08009a5b   Thumb Code    92  ff.o(i.st_qword)
    i.st_word                                0x08009ab6   Section        0  ff.o(i.st_word)
    st_word                                  0x08009ab7   Thumb Code    12  ff.o(i.st_word)
    i.stdbmp_decode                          0x08009ac4   Section        0  bmp.o(i.stdbmp_decode)
    i.store_xdir                             0x08009da0   Section        0  ff.o(i.store_xdir)
    store_xdir                               0x08009da1   Thumb Code   110  ff.o(i.store_xdir)
    i.sum_sfn                                0x08009e0e   Section        0  ff.o(i.sum_sfn)
    sum_sfn                                  0x08009e0f   Thumb Code    32  ff.o(i.sum_sfn)
    i.sync_fs                                0x08009e30   Section        0  ff.o(i.sync_fs)
    sync_fs                                  0x08009e31   Thumb Code   134  ff.o(i.sync_fs)
    i.sync_window                            0x08009ec0   Section        0  ff.o(i.sync_window)
    sync_window                              0x08009ec1   Thumb Code    82  ff.o(i.sync_window)
    i.validate                               0x08009f12   Section        0  ff.o(i.validate)
    validate                                 0x08009f13   Thumb Code    66  ff.o(i.validate)
    i.xdir_sum                               0x08009f54   Section        0  ff.o(i.xdir_sum)
    xdir_sum                                 0x08009f55   Thumb Code    58  ff.o(i.xdir_sum)
    i.xname_sum                              0x08009f8e   Section        0  ff.o(i.xname_sum)
    xname_sum                                0x08009f8f   Thumb Code    76  ff.o(i.xname_sum)
    .constdata                               0x08009fda   Section    18712  tftlcd.o(.constdata)
    .constdata                               0x0800e8f4   Section       24  malloc.o(.constdata)
    .constdata                               0x0800e90c   Section       74  ff.o(.constdata)
    LfnOfs                                   0x0800e90c   Data          13  ff.o(.constdata)
    badchr                                   0x0800e919   Data          16  ff.o(.constdata)
    vst                                      0x0800e92a   Data          22  ff.o(.constdata)
    cst                                      0x0800e940   Data          22  ff.o(.constdata)
    .constdata                               0x0800e958   Section      312  fatfs_app.o(.constdata)
    .constdata                               0x0800ea90   Section      960  mycc936.o(.constdata)
    tbl_lower                                0x0800ea90   Data         480  mycc936.o(.constdata)
    tbl_upper                                0x0800ec70   Data         480  mycc936.o(.constdata)
    .constdata                               0x0800ee50   Section       40  gif.o(.constdata)
    .constdata                               0x0800ee78   Section     1216  tjpgd.o(.constdata)
    Zig                                      0x0800ee78   Data          64  tjpgd.o(.constdata)
    Ipsf                                     0x0800eeb8   Data         128  tjpgd.o(.constdata)
    Clip8                                    0x0800ef38   Data        1024  tjpgd.o(.constdata)
    .conststring                             0x0800f338   Section      100  fatfs_app.o(.conststring)
    .data                                    0x20000000   Section       20  stm32f10x_rcc.o(.data)
    APBAHBPrescTable                         0x20000000   Data          16  stm32f10x_rcc.o(.data)
    ADCPrescTable                            0x20000010   Data           4  stm32f10x_rcc.o(.data)
    .data                                    0x20000014   Section       12  tftlcd.o(.data)
    .data                                    0x20000020   Section        2  flash.o(.data)
    .data                                    0x20000022   Section        1  key.o(.data)
    key                                      0x20000022   Data           1  key.o(.data)
    .data                                    0x20000024   Section       16  sd_sdio.o(.data)
    CardType                                 0x20000024   Data           1  sd_sdio.o(.data)
    RCA                                      0x20000028   Data           4  sd_sdio.o(.data)
    DeviceMode                               0x2000002c   Data           1  sd_sdio.o(.data)
    StopCondition                            0x2000002d   Data           1  sd_sdio.o(.data)
    .data                                    0x20000034   Section        4  systick.o(.data)
    fac_us                                   0x20000034   Data           1  systick.o(.data)
    fac_ms                                   0x20000036   Data           2  systick.o(.data)
    .data                                    0x20000038   Section        2  usart.o(.data)
    .data                                    0x2000003c   Section       28  malloc.o(.data)
    .data                                    0x20000058   Section        2  diskio.o(.data)
    .data                                    0x2000005a   Section        2  ff.o(.data)
    Fsid                                     0x2000005a   Data           2  ff.o(.data)
    .data                                    0x2000005c   Section       20  fatfs_app.o(.data)
    .data                                    0x20000070   Section        1  gif.o(.data)
    .data                                    0x20000074   Section       12  tjpgd.o(.data)
    .data                                    0x20000080   Section        4  stdout.o(.data)
    .bss                                     0x20000084   Section     4096  flash.o(.bss)
    .bss                                     0x20001088   Section      704  sd_sdio.o(.bss)
    CSD_Tab                                  0x200010cc   Data          16  sd_sdio.o(.bss)
    CID_Tab                                  0x200010dc   Data          16  sd_sdio.o(.bss)
    .bss                                     0x20001348   Section      200  usart.o(.bss)
    .bss                                     0x20001420   Section    43520  malloc.o(.bss)
    .bss                                     0x2000be20   Section       16  ff.o(.bss)
    FatFs                                    0x2000be20   Data          16  ff.o(.bss)
    .bss                                     0x2000be30   Section      376  fatfs_app.o(.bss)
    .bss                                     0x2000bfa8   Section       41  font_update.o(.bss)
    .bss                                     0x2000bfd4   Section       60  piclib.o(.bss)
    STACK                                    0x2000c010   Section     1024  startup_stm32f10x_hd.o(STACK)
    .ARM.__AT_0x68000000                     0x68000000   Section    983040  malloc.o(.ARM.__AT_0x68000000)
    .ARM.__AT_0x680F0000                     0x680f0000   Section    61440  malloc.o(.ARM.__AT_0x680F0000)

    Global Symbols

    Symbol Name                              Value     Ov Type        Size  Object(Section)

    BuildAttributes$$THM_ISAv4$P$D$K$B$S$PE$A:L22UL41UL21$X:L11$S22US41US21$IEEE1$IW$USESV6$~STKCKD$USESV7$~SHL$OTIME$ROPI$EBA8$MICROLIB$REQ8$PRES8$EABIv2 0x00000000   Number         0  anon$$obj.o ABSOLUTE
    __ARM_use_no_argv                        0x00000000   Number         0  main.o ABSOLUTE
    _printf_a                                0x00000000   Number         0  stubs.o ABSOLUTE
    _printf_c                                0x00000000   Number         0  stubs.o ABSOLUTE
    _printf_charcount                        0x00000000   Number         0  stubs.o ABSOLUTE
    _printf_d                                0x00000000   Number         0  stubs.o ABSOLUTE
    _printf_e                                0x00000000   Number         0  stubs.o ABSOLUTE
    _printf_f                                0x00000000   Number         0  stubs.o ABSOLUTE
    _printf_flags                            0x00000000   Number         0  stubs.o ABSOLUTE
    _printf_fp_dec                           0x00000000   Number         0  stubs.o ABSOLUTE
    _printf_fp_hex                           0x00000000   Number         0  stubs.o ABSOLUTE
    _printf_g                                0x00000000   Number         0  stubs.o ABSOLUTE
    _printf_i                                0x00000000   Number         0  stubs.o ABSOLUTE
    _printf_int_dec                          0x00000000   Number         0  stubs.o ABSOLUTE
    _printf_l                                0x00000000   Number         0  stubs.o ABSOLUTE
    _printf_lc                               0x00000000   Number         0  stubs.o ABSOLUTE
    _printf_ll                               0x00000000   Number         0  stubs.o ABSOLUTE
    _printf_lld                              0x00000000   Number         0  stubs.o ABSOLUTE
    _printf_lli                              0x00000000   Number         0  stubs.o ABSOLUTE
    _printf_llo                              0x00000000   Number         0  stubs.o ABSOLUTE
    _printf_llu                              0x00000000   Number         0  stubs.o ABSOLUTE
    _printf_llx                              0x00000000   Number         0  stubs.o ABSOLUTE
    _printf_longlong_dec                     0x00000000   Number         0  stubs.o ABSOLUTE
    _printf_longlong_hex                     0x00000000   Number         0  stubs.o ABSOLUTE
    _printf_longlong_oct                     0x00000000   Number         0  stubs.o ABSOLUTE
    _printf_ls                               0x00000000   Number         0  stubs.o ABSOLUTE
    _printf_mbtowc                           0x00000000   Number         0  stubs.o ABSOLUTE
    _printf_n                                0x00000000   Number         0  stubs.o ABSOLUTE
    _printf_o                                0x00000000   Number         0  stubs.o ABSOLUTE
    _printf_p                                0x00000000   Number         0  stubs.o ABSOLUTE
    _printf_percent                          0x00000000   Number         0  stubs.o ABSOLUTE
    _printf_pre_padding                      0x00000000   Number         0  stubs.o ABSOLUTE
    _printf_return_value                     0x00000000   Number         0  stubs.o ABSOLUTE
    _printf_s                                0x00000000   Number         0  stubs.o ABSOLUTE
    _printf_sizespec                         0x00000000   Number         0  stubs.o ABSOLUTE
    _printf_str                              0x00000000   Number         0  stubs.o ABSOLUTE
    _printf_truncate_signed                  0x00000000   Number         0  stubs.o ABSOLUTE
    _printf_truncate_unsigned                0x00000000   Number         0  stubs.o ABSOLUTE
    _printf_u                                0x00000000   Number         0  stubs.o ABSOLUTE
    _printf_wc                               0x00000000   Number         0  stubs.o ABSOLUTE
    _printf_wctomb                           0x00000000   Number         0  stubs.o ABSOLUTE
    _printf_widthprec                        0x00000000   Number         0  stubs.o ABSOLUTE
    _printf_x                                0x00000000   Number         0  stubs.o ABSOLUTE
    __cpp_initialize__aeabi_                  - Undefined Weak Reference
    __cxa_finalize                            - Undefined Weak Reference
    __decompress                              - Undefined Weak Reference
    _clock_init                               - Undefined Weak Reference
    _microlib_exit                            - Undefined Weak Reference
    __Vectors_Size                           0x00000130   Number         0  startup_stm32f10x_hd.o ABSOLUTE
    __Vectors                                0x08000000   Data           4  startup_stm32f10x_hd.o(RESET)
    __Vectors_End                            0x08000130   Data           0  startup_stm32f10x_hd.o(RESET)
    __main                                   0x08000131   Thumb Code     0  entry.o(.ARM.Collect$$$$00000000)
    _main_stk                                0x08000131   Thumb Code     0  entry2.o(.ARM.Collect$$$$00000001)
    _main_scatterload                        0x08000135   Thumb Code     0  entry5.o(.ARM.Collect$$$$00000004)
    __main_after_scatterload                 0x08000139   Thumb Code     0  entry5.o(.ARM.Collect$$$$00000004)
    _main_clock                              0x08000139   Thumb Code     0  entry7b.o(.ARM.Collect$$$$00000008)
    _main_cpp_init                           0x08000139   Thumb Code     0  entry8b.o(.ARM.Collect$$$$0000000A)
    _main_init                               0x08000139   Thumb Code     0  entry9a.o(.ARM.Collect$$$$0000000B)
    __rt_final_cpp                           0x08000141   Thumb Code     0  entry10a.o(.ARM.Collect$$$$0000000D)
    __rt_final_exit                          0x08000141   Thumb Code     0  entry11a.o(.ARM.Collect$$$$0000000F)
    Reset_Handler                            0x08000145   Thumb Code     8  startup_stm32f10x_hd.o(.text)
    ADC1_2_IRQHandler                        0x0800015f   Thumb Code     0  startup_stm32f10x_hd.o(.text)
    ADC3_IRQHandler                          0x0800015f   Thumb Code     0  startup_stm32f10x_hd.o(.text)
    CAN1_RX1_IRQHandler                      0x0800015f   Thumb Code     0  startup_stm32f10x_hd.o(.text)
    CAN1_SCE_IRQHandler                      0x0800015f   Thumb Code     0  startup_stm32f10x_hd.o(.text)
    DMA1_Channel1_IRQHandler                 0x0800015f   Thumb Code     0  startup_stm32f10x_hd.o(.text)
    DMA1_Channel2_IRQHandler                 0x0800015f   Thumb Code     0  startup_stm32f10x_hd.o(.text)
    DMA1_Channel3_IRQHandler                 0x0800015f   Thumb Code     0  startup_stm32f10x_hd.o(.text)
    DMA1_Channel4_IRQHandler                 0x0800015f   Thumb Code     0  startup_stm32f10x_hd.o(.text)
    DMA1_Channel5_IRQHandler                 0x0800015f   Thumb Code     0  startup_stm32f10x_hd.o(.text)
    DMA1_Channel6_IRQHandler                 0x0800015f   Thumb Code     0  startup_stm32f10x_hd.o(.text)
    DMA1_Channel7_IRQHandler                 0x0800015f   Thumb Code     0  startup_stm32f10x_hd.o(.text)
    DMA2_Channel1_IRQHandler                 0x0800015f   Thumb Code     0  startup_stm32f10x_hd.o(.text)
    DMA2_Channel2_IRQHandler                 0x0800015f   Thumb Code     0  startup_stm32f10x_hd.o(.text)
    DMA2_Channel3_IRQHandler                 0x0800015f   Thumb Code     0  startup_stm32f10x_hd.o(.text)
    DMA2_Channel4_5_IRQHandler               0x0800015f   Thumb Code     0  startup_stm32f10x_hd.o(.text)
    EXTI0_IRQHandler                         0x0800015f   Thumb Code     0  startup_stm32f10x_hd.o(.text)
    EXTI15_10_IRQHandler                     0x0800015f   Thumb Code     0  startup_stm32f10x_hd.o(.text)
    EXTI1_IRQHandler                         0x0800015f   Thumb Code     0  startup_stm32f10x_hd.o(.text)
    EXTI2_IRQHandler                         0x0800015f   Thumb Code     0  startup_stm32f10x_hd.o(.text)
    EXTI3_IRQHandler                         0x0800015f   Thumb Code     0  startup_stm32f10x_hd.o(.text)
    EXTI4_IRQHandler                         0x0800015f   Thumb Code     0  startup_stm32f10x_hd.o(.text)
    EXTI9_5_IRQHandler                       0x0800015f   Thumb Code     0  startup_stm32f10x_hd.o(.text)
    FLASH_IRQHandler                         0x0800015f   Thumb Code     0  startup_stm32f10x_hd.o(.text)
    FSMC_IRQHandler                          0x0800015f   Thumb Code     0  startup_stm32f10x_hd.o(.text)
    I2C1_ER_IRQHandler                       0x0800015f   Thumb Code     0  startup_stm32f10x_hd.o(.text)
    I2C1_EV_IRQHandler                       0x0800015f   Thumb Code     0  startup_stm32f10x_hd.o(.text)
    I2C2_ER_IRQHandler                       0x0800015f   Thumb Code     0  startup_stm32f10x_hd.o(.text)
    I2C2_EV_IRQHandler                       0x0800015f   Thumb Code     0  startup_stm32f10x_hd.o(.text)
    PVD_IRQHandler                           0x0800015f   Thumb Code     0  startup_stm32f10x_hd.o(.text)
    RCC_IRQHandler                           0x0800015f   Thumb Code     0  startup_stm32f10x_hd.o(.text)
    RTCAlarm_IRQHandler                      0x0800015f   Thumb Code     0  startup_stm32f10x_hd.o(.text)
    RTC_IRQHandler                           0x0800015f   Thumb Code     0  startup_stm32f10x_hd.o(.text)
    SPI1_IRQHandler                          0x0800015f   Thumb Code     0  startup_stm32f10x_hd.o(.text)
    SPI2_IRQHandler                          0x0800015f   Thumb Code     0  startup_stm32f10x_hd.o(.text)
    SPI3_IRQHandler                          0x0800015f   Thumb Code     0  startup_stm32f10x_hd.o(.text)
    TAMPER_IRQHandler                        0x0800015f   Thumb Code     0  startup_stm32f10x_hd.o(.text)
    TIM1_BRK_IRQHandler                      0x0800015f   Thumb Code     0  startup_stm32f10x_hd.o(.text)
    TIM1_CC_IRQHandler                       0x0800015f   Thumb Code     0  startup_stm32f10x_hd.o(.text)
    TIM1_TRG_COM_IRQHandler                  0x0800015f   Thumb Code     0  startup_stm32f10x_hd.o(.text)
    TIM1_UP_IRQHandler                       0x0800015f   Thumb Code     0  startup_stm32f10x_hd.o(.text)
    TIM2_IRQHandler                          0x0800015f   Thumb Code     0  startup_stm32f10x_hd.o(.text)
    TIM3_IRQHandler                          0x0800015f   Thumb Code     0  startup_stm32f10x_hd.o(.text)
    TIM4_IRQHandler                          0x0800015f   Thumb Code     0  startup_stm32f10x_hd.o(.text)
    TIM5_IRQHandler                          0x0800015f   Thumb Code     0  startup_stm32f10x_hd.o(.text)
    TIM6_IRQHandler                          0x0800015f   Thumb Code     0  startup_stm32f10x_hd.o(.text)
    TIM7_IRQHandler                          0x0800015f   Thumb Code     0  startup_stm32f10x_hd.o(.text)
    TIM8_BRK_IRQHandler                      0x0800015f   Thumb Code     0  startup_stm32f10x_hd.o(.text)
    TIM8_CC_IRQHandler                       0x0800015f   Thumb Code     0  startup_stm32f10x_hd.o(.text)
    TIM8_TRG_COM_IRQHandler                  0x0800015f   Thumb Code     0  startup_stm32f10x_hd.o(.text)
    TIM8_UP_IRQHandler                       0x0800015f   Thumb Code     0  startup_stm32f10x_hd.o(.text)
    UART4_IRQHandler                         0x0800015f   Thumb Code     0  startup_stm32f10x_hd.o(.text)
    UART5_IRQHandler                         0x0800015f   Thumb Code     0  startup_stm32f10x_hd.o(.text)
    USART2_IRQHandler                        0x0800015f   Thumb Code     0  startup_stm32f10x_hd.o(.text)
    USART3_IRQHandler                        0x0800015f   Thumb Code     0  startup_stm32f10x_hd.o(.text)
    USBWakeUp_IRQHandler                     0x0800015f   Thumb Code     0  startup_stm32f10x_hd.o(.text)
    USB_HP_CAN1_TX_IRQHandler                0x0800015f   Thumb Code     0  startup_stm32f10x_hd.o(.text)
    USB_LP_CAN1_RX0_IRQHandler               0x0800015f   Thumb Code     0  startup_stm32f10x_hd.o(.text)
    WWDG_IRQHandler                          0x0800015f   Thumb Code     0  startup_stm32f10x_hd.o(.text)
    __aeabi_uldivmod                         0x08000169   Thumb Code    98  uldiv.o(.text)
    __aeabi_ldivmod                          0x080001cb   Thumb Code    98  ldiv.o(.text)
    __aeabi_memcpy                           0x0800022d   Thumb Code    36  memcpya.o(.text)
    __aeabi_memcpy4                          0x0800022d   Thumb Code     0  memcpya.o(.text)
    __aeabi_memcpy8                          0x0800022d   Thumb Code     0  memcpya.o(.text)
    strcat                                   0x08000251   Thumb Code    24  strcat.o(.text)
    strcmp                                   0x08000269   Thumb Code    28  strcmp.o(.text)
    strcpy                                   0x08000285   Thumb Code    18  strcpy.o(.text)
    __aeabi_fadd                             0x08000297   Thumb Code   164  fadd.o(.text)
    __aeabi_fsub                             0x0800033b   Thumb Code     6  fadd.o(.text)
    __aeabi_frsub                            0x08000341   Thumb Code     6  fadd.o(.text)
    __aeabi_fmul                             0x08000347   Thumb Code   100  fmul.o(.text)
    __aeabi_fdiv                             0x080003ab   Thumb Code   124  fdiv.o(.text)
    __aeabi_ui2f                             0x08000427   Thumb Code    10  ffltui.o(.text)
    __aeabi_f2uiz                            0x08000431   Thumb Code    40  ffixui.o(.text)
    __aeabi_cfcmpeq                          0x08000459   Thumb Code     0  cfcmple.o(.text)
    __aeabi_cfcmple                          0x08000459   Thumb Code    20  cfcmple.o(.text)
    __aeabi_cfrcmple                         0x0800046d   Thumb Code    20  cfrcmple.o(.text)
    __aeabi_llsl                             0x08000481   Thumb Code    30  llshl.o(.text)
    _ll_shift_l                              0x08000481   Thumb Code     0  llshl.o(.text)
    __aeabi_llsr                             0x0800049f   Thumb Code    32  llushr.o(.text)
    _ll_ushift_r                             0x0800049f   Thumb Code     0  llushr.o(.text)
    __I$use$fp                               0x080004bf   Thumb Code     0  iusefp.o(.text)
    _float_round                             0x080004bf   Thumb Code    18  fepilogue.o(.text)
    _float_epilogue                          0x080004d1   Thumb Code    92  fepilogue.o(.text)
    __scatterload                            0x0800052d   Thumb Code    28  init.o(.text)
    __scatterload_rt2                        0x0800052d   Thumb Code     0  init.o(.text)
    BusFault_Handler                         0x08000551   Thumb Code     4  stm32f10x_it.o(i.BusFault_Handler)
    CmdError                                 0x08000555   Thumb Code    48  sd_sdio.o(i.CmdError)
    CmdResp1Error                            0x08000585   Thumb Code    90  sd_sdio.o(i.CmdResp1Error)
    CmdResp2Error                            0x080005e5   Thumb Code    80  sd_sdio.o(i.CmdResp2Error)
    CmdResp3Error                            0x08000639   Thumb Code    50  sd_sdio.o(i.CmdResp3Error)
    CmdResp6Error                            0x08000671   Thumb Code   140  sd_sdio.o(i.CmdResp6Error)
    CmdResp7Error                            0x08000701   Thumb Code    70  sd_sdio.o(i.CmdResp7Error)
    DMA_Cmd                                  0x0800074d   Thumb Code    24  stm32f10x_dma.o(i.DMA_Cmd)
    DMA_DeInit                               0x08000765   Thumb Code   324  stm32f10x_dma.o(i.DMA_DeInit)
    DMA_Init                                 0x080008b1   Thumb Code    60  stm32f10x_dma.o(i.DMA_Init)
    DebugMon_Handler                         0x080008ed   Thumb Code     2  stm32f10x_it.o(i.DebugMon_Handler)
    EN25QXX_Erase_Sector                     0x080008f1   Thumb Code    70  flash.o(i.EN25QXX_Erase_Sector)
    EN25QXX_Init                             0x08000949   Thumb Code   108  flash.o(i.EN25QXX_Init)
    EN25QXX_Read                             0x080009e1   Thumb Code    74  flash.o(i.EN25QXX_Read)
    EN25QXX_ReadID                           0x08000a31   Thumb Code    64  flash.o(i.EN25QXX_ReadID)
    EN25QXX_ReadSR                           0x08000a79   Thumb Code    36  flash.o(i.EN25QXX_ReadSR)
    EN25QXX_Wait_Busy                        0x08000aa5   Thumb Code    18  flash.o(i.EN25QXX_Wait_Busy)
    EN25QXX_Write                            0x08000ab9   Thumb Code   180  flash.o(i.EN25QXX_Write)
    EN25QXX_Write_Enable                     0x08000b71   Thumb Code    24  flash.o(i.EN25QXX_Write_Enable)
    EN25QXX_Write_NoCheck                    0x08000b91   Thumb Code    70  flash.o(i.EN25QXX_Write_NoCheck)
    EN25QXX_Write_Page                       0x08000bd9   Thumb Code    80  flash.o(i.EN25QXX_Write_Page)
    FATFS_Init                               0x08000c2d   Thumb Code   114  fatfs_app.o(i.FATFS_Init)
    FSMC_NORSRAMCmd                          0x08000cb1   Thumb Code    46  stm32f10x_fsmc.o(i.FSMC_NORSRAMCmd)
    FSMC_NORSRAMInit                         0x08000ce5   Thumb Code   230  stm32f10x_fsmc.o(i.FSMC_NORSRAMInit)
    FindSCR                                  0x08000dcd   Thumb Code   386  sd_sdio.o(i.FindSCR)
    GPIO_Init                                0x08000f61   Thumb Code   278  stm32f10x_gpio.o(i.GPIO_Init)
    GPIO_SetBits                             0x08001077   Thumb Code     4  stm32f10x_gpio.o(i.GPIO_SetBits)
    Get_HzMat                                0x0800107d   Thumb Code   236  font_show.o(i.Get_HzMat)
    HardFault_Handler                        0x0800116d   Thumb Code     4  stm32f10x_it.o(i.HardFault_Handler)
    INTX_DISABLE                             0x08001171   Thumb Code     4  system.o(i.INTX_DISABLE)
    INTX_ENABLE                              0x08001175   Thumb Code     4  system.o(i.INTX_ENABLE)
    IsCardProgramming                        0x08001179   Thumb Code   142  sd_sdio.o(i.IsCardProgramming)
    KEY_Init                                 0x08001215   Thumb Code    52  key.o(i.KEY_Init)
    KEY_Scan                                 0x08001251   Thumb Code   148  key.o(i.KEY_Scan)
    LCD_Clear                                0x080012f1   Thumb Code    68  tftlcd.o(i.LCD_Clear)
    LCD_Color_Fill                           0x08001339   Thumb Code    94  tftlcd.o(i.LCD_Color_Fill)
    LCD_Display_Dir                          0x08001399   Thumb Code    66  tftlcd.o(i.LCD_Display_Dir)
    LCD_DrawFRONT_COLOR                      0x080013e1   Thumb Code    28  tftlcd.o(i.LCD_DrawFRONT_COLOR)
    LCD_Fill                                 0x080013fd   Thumb Code    92  tftlcd.o(i.LCD_Fill)
    LCD_ReadData                             0x08001459   Thumb Code     6  tftlcd.o(i.LCD_ReadData)
    LCD_ReadPoint                            0x08001465   Thumb Code    78  tftlcd.o(i.LCD_ReadPoint)
    LCD_Set_Window                           0x080014bd   Thumb Code    74  tftlcd.o(i.LCD_Set_Window)
    LCD_ShowChar                             0x08001509   Thumb Code   272  tftlcd.o(i.LCD_ShowChar)
    LCD_ShowFontString                       0x08001631   Thumb Code   194  font_show.o(i.LCD_ShowFontString)
    LCD_ShowString                           0x080016f3   Thumb Code   102  tftlcd.o(i.LCD_ShowString)
    LCD_Show_Font                            0x08001759   Thumb Code   194  font_show.o(i.LCD_Show_Font)
    LCD_WriteCmd                             0x08001825   Thumb Code     6  tftlcd.o(i.LCD_WriteCmd)
    LCD_WriteData                            0x08001831   Thumb Code     6  tftlcd.o(i.LCD_WriteData)
    LCD_WriteData_Color                      0x0800183d   Thumb Code    12  tftlcd.o(i.LCD_WriteData_Color)
    LED_Init                                 0x0800184d   Thumb Code    68  led.o(i.LED_Init)
    MemManage_Handler                        0x08001899   Thumb Code     4  stm32f10x_it.o(i.MemManage_Handler)
    NMI_Handler                              0x0800189d   Thumb Code     2  stm32f10x_it.o(i.NMI_Handler)
    NVIC_Init                                0x080018a1   Thumb Code   100  misc.o(i.NVIC_Init)
    NVIC_PriorityGroupConfig                 0x08001911   Thumb Code    10  misc.o(i.NVIC_PriorityGroupConfig)
    PendSV_Handler                           0x08001925   Thumb Code     2  stm32f10x_it.o(i.PendSV_Handler)
    RCC_AHBPeriphClockCmd                    0x08001929   Thumb Code    26  stm32f10x_rcc.o(i.RCC_AHBPeriphClockCmd)
    RCC_APB1PeriphClockCmd                   0x08001949   Thumb Code    26  stm32f10x_rcc.o(i.RCC_APB1PeriphClockCmd)
    RCC_APB2PeriphClockCmd                   0x08001969   Thumb Code    26  stm32f10x_rcc.o(i.RCC_APB2PeriphClockCmd)
    RCC_GetClocksFreq                        0x08001989   Thumb Code   192  stm32f10x_rcc.o(i.RCC_GetClocksFreq)
    SDEnWideBus                              0x08001a5d   Thumb Code   158  sd_sdio.o(i.SDEnWideBus)
    SDIO_ClearFlag                           0x08001b09   Thumb Code     6  stm32f10x_sdio.o(i.SDIO_ClearFlag)
    SDIO_ClockCmd                            0x08001b15   Thumb Code     6  stm32f10x_sdio.o(i.SDIO_ClockCmd)
    SDIO_Clock_Set                           0x08001b21   Thumb Code    16  sd_sdio.o(i.SDIO_Clock_Set)
    SDIO_DMACmd                              0x08001b35   Thumb Code     6  stm32f10x_sdio.o(i.SDIO_DMACmd)
    SDIO_DataConfig                          0x08001b41   Thumb Code    42  stm32f10x_sdio.o(i.SDIO_DataConfig)
    SDIO_DeInit                              0x08001b71   Thumb Code    28  stm32f10x_sdio.o(i.SDIO_DeInit)
    SDIO_GetFlagStatus                       0x08001b95   Thumb Code    20  stm32f10x_sdio.o(i.SDIO_GetFlagStatus)
    SDIO_GetPowerState                       0x08001bad   Thumb Code    10  stm32f10x_sdio.o(i.SDIO_GetPowerState)
    SDIO_IRQHandler                          0x08001bbd   Thumb Code     8  sd_sdio.o(i.SDIO_IRQHandler)
    SDIO_Init                                0x08001bc5   Thumb Code    42  stm32f10x_sdio.o(i.SDIO_Init)
    SDIO_ReadData                            0x08001bf5   Thumb Code     6  stm32f10x_sdio.o(i.SDIO_ReadData)
    SDIO_SendCommand                         0x08001c01   Thumb Code    38  stm32f10x_sdio.o(i.SDIO_SendCommand)
    SDIO_SetPowerState                       0x08001c2d   Thumb Code    22  stm32f10x_sdio.o(i.SDIO_SetPowerState)
    SDIO_WriteData                           0x08001c49   Thumb Code     6  stm32f10x_sdio.o(i.SDIO_WriteData)
    SD_DMA_Config                            0x08001c55   Thumb Code    94  sd_sdio.o(i.SD_DMA_Config)
    SD_EnableWideBusOperation                0x08001cbd   Thumb Code    94  sd_sdio.o(i.SD_EnableWideBusOperation)
    SD_GetCardInfo                           0x08001d25   Thumb Code   772  sd_sdio.o(i.SD_GetCardInfo)
    SD_Init                                  0x08002039   Thumb Code   238  sd_sdio.o(i.SD_Init)
    SD_InitializeCards                       0x08002139   Thumb Code   316  sd_sdio.o(i.SD_InitializeCards)
    SD_PowerON                               0x0800228d   Thumb Code   450  sd_sdio.o(i.SD_PowerON)
    SD_ProcessIRQSrc                         0x08002469   Thumb Code   296  sd_sdio.o(i.SD_ProcessIRQSrc)
    SD_ReadBlock                             0x080025a5   Thumb Code   558  sd_sdio.o(i.SD_ReadBlock)
    SD_ReadDisk                              0x080027fd   Thumb Code   148  sd_sdio.o(i.SD_ReadDisk)
    SD_ReadMultiBlocks                       0x08002895   Thumb Code   698  sd_sdio.o(i.SD_ReadMultiBlocks)
    SD_SelectDeselect                        0x08002b7d   Thumb Code    42  sd_sdio.o(i.SD_SelectDeselect)
    SD_SetDeviceMode                         0x08002bad   Thumb Code    20  sd_sdio.o(i.SD_SetDeviceMode)
    SD_WriteBlock                            0x08002bc5   Thumb Code   844  sd_sdio.o(i.SD_WriteBlock)
    SD_WriteDisk                             0x08002f39   Thumb Code   148  sd_sdio.o(i.SD_WriteDisk)
    SD_WriteMultiBlocks                      0x08002fd1   Thumb Code   920  sd_sdio.o(i.SD_WriteMultiBlocks)
    SPI2_Init                                0x08003391   Thumb Code   130  spi.o(i.SPI2_Init)
    SPI2_ReadWriteByte                       0x0800341d   Thumb Code    50  spi.o(i.SPI2_ReadWriteByte)
    SPI2_SetSpeed                            0x08003455   Thumb Code    36  spi.o(i.SPI2_SetSpeed)
    SPI_Cmd                                  0x0800347d   Thumb Code    24  stm32f10x_spi.o(i.SPI_Cmd)
    SPI_I2S_GetFlagStatus                    0x08003495   Thumb Code    18  stm32f10x_spi.o(i.SPI_I2S_GetFlagStatus)
    SPI_I2S_ReceiveData                      0x080034a7   Thumb Code     6  stm32f10x_spi.o(i.SPI_I2S_ReceiveData)
    SPI_I2S_SendData                         0x080034ad   Thumb Code     4  stm32f10x_spi.o(i.SPI_I2S_SendData)
    SPI_Init                                 0x080034b1   Thumb Code    60  stm32f10x_spi.o(i.SPI_Init)
    SVC_Handler                              0x080034ed   Thumb Code     2  stm32f10x_it.o(i.SVC_Handler)
    SysTick_CLKSourceConfig                  0x080035d9   Thumb Code    40  misc.o(i.SysTick_CLKSourceConfig)
    SysTick_Handler                          0x08003601   Thumb Code     2  stm32f10x_it.o(i.SysTick_Handler)
    SysTick_Init                             0x08003605   Thumb Code    52  systick.o(i.SysTick_Init)
    SystemInit                               0x08003641   Thumb Code    78  system_stm32f10x.o(i.SystemInit)
    TFTLCD_FSMC_Init                         0x080036a1   Thumb Code   126  tftlcd.o(i.TFTLCD_FSMC_Init)
    TFTLCD_GPIO_Init                         0x08003721   Thumb Code   130  tftlcd.o(i.TFTLCD_GPIO_Init)
    TFTLCD_Init                              0x080037b9   Thumb Code   574  tftlcd.o(i.TFTLCD_Init)
    USART1_IRQHandler                        0x08003a0d   Thumb Code   122  usart.o(i.USART1_IRQHandler)
    USART1_Init                              0x08003a95   Thumb Code   166  usart.o(i.USART1_Init)
    USART_ClearFlag                          0x08003b45   Thumb Code    18  stm32f10x_usart.o(i.USART_ClearFlag)
    USART_Cmd                                0x08003b57   Thumb Code    24  stm32f10x_usart.o(i.USART_Cmd)
    USART_GetFlagStatus                      0x08003b6f   Thumb Code    26  stm32f10x_usart.o(i.USART_GetFlagStatus)
    USART_GetITStatus                        0x08003b89   Thumb Code    84  stm32f10x_usart.o(i.USART_GetITStatus)
    USART_ITConfig                           0x08003bdd   Thumb Code    74  stm32f10x_usart.o(i.USART_ITConfig)
    USART_Init                               0x08003c29   Thumb Code   210  stm32f10x_usart.o(i.USART_Init)
    USART_ReceiveData                        0x08003d01   Thumb Code    10  stm32f10x_usart.o(i.USART_ReceiveData)
    USART_SendData                           0x08003d0b   Thumb Code     8  stm32f10x_usart.o(i.USART_SendData)
    UsageFault_Handler                       0x08003d13   Thumb Code     4  stm32f10x_it.o(i.UsageFault_Handler)
    __0printf$5                              0x08003d19   Thumb Code    22  printf5.o(i.__0printf$5)
    __1printf$5                              0x08003d19   Thumb Code     0  printf5.o(i.__0printf$5)
    __2printf                                0x08003d19   Thumb Code     0  printf5.o(i.__0printf$5)
    __scatterload_copy                       0x08003d39   Thumb Code    14  handlers.o(i.__scatterload_copy)
    __scatterload_null                       0x08003d47   Thumb Code     2  handlers.o(i.__scatterload_null)
    __scatterload_zeroinit                   0x08003d49   Thumb Code    14  handlers.o(i.__scatterload_zeroinit)
    ai_draw_init                             0x08004019   Thumb Code   264  piclib.o(i.ai_draw_init)
    char_upper                               0x08004505   Thumb Code    26  fatfs_app.o(i.char_upper)
    convert_from_bytes_to_power_of_two       0x080046cd   Thumb Code    18  sd_sdio.o(i.convert_from_bytes_to_power_of_two)
    delay_ms                                 0x08004ce5   Thumb Code    72  systick.o(i.delay_ms)
    dir_sdi                                  0x0800537d   Thumb Code   170  ff.o(i.dir_sdi)
    disk_initialize                          0x08005429   Thumb Code    52  diskio.o(i.disk_initialize)
    disk_ioctl                               0x08005461   Thumb Code   170  diskio.o(i.disk_ioctl)
    disk_read                                0x08005515   Thumb Code   122  diskio.o(i.disk_read)
    disk_status                              0x0800558f   Thumb Code     6  diskio.o(i.disk_status)
    disk_write                               0x08005595   Thumb Code   122  diskio.o(i.disk_write)
    f_close                                  0x0800560f   Thumb Code    38  ff.o(i.f_close)
    f_lseek                                  0x08005635   Thumb Code  1032  ff.o(i.f_lseek)
    f_mount                                  0x08005a3d   Thumb Code    86  ff.o(i.f_mount)
    f_open                                   0x08005a99   Thumb Code   700  ff.o(i.f_open)
    f_opendir                                0x08005d55   Thumb Code   226  ff.o(i.f_opendir)
    f_read                                   0x08005e37   Thumb Code   552  ff.o(i.f_read)
    f_readdir                                0x0800605f   Thumb Code   122  ff.o(i.f_readdir)
    f_sync                                   0x080060d9   Thumb Code   398  ff.o(i.f_sync)
    f_typetell                               0x08006269   Thumb Code   188  fatfs_app.o(i.f_typetell)
    fatfs_get_filetype_tnum                  0x08006329   Thumb Code   172  fatfs_app.o(i.fatfs_get_filetype_tnum)
    ff_convert                               0x080063d5   Thumb Code   146  mycc936.o(i.ff_convert)
    ff_memalloc                              0x0800646d   Thumb Code    14  diskio.o(i.ff_memalloc)
    ff_memfree                               0x0800647b   Thumb Code    14  diskio.o(i.ff_memfree)
    ff_wtoupper                              0x08006489   Thumb Code    46  mycc936.o(i.ff_wtoupper)
    font_init                                0x08006ad9   Thumb Code    64  font_update.o(i.font_init)
    fputc                                    0x08006b1d   Thumb Code    32  usart.o(i.fputc)
    get_fattime                              0x08006d87   Thumb Code     4  diskio.o(i.get_fattime)
    gif_check_head                           0x08006ff3   Thumb Code    88  gif.o(i.gif_check_head)
    gif_clear2bkcolor                        0x0800704d   Thumb Code   496  gif.o(i.gif_clear2bkcolor)
    gif_decode                               0x08007241   Thumb Code   296  gif.o(i.gif_decode)
    gif_dispimage                            0x0800736d   Thumb Code   524  gif.o(i.gif_dispimage)
    gif_drawimage                            0x08007585   Thumb Code   344  gif.o(i.gif_drawimage)
    gif_getdatablock                         0x080076dd   Thumb Code   104  gif.o(i.gif_getdatablock)
    gif_getinfo                              0x08007745   Thumb Code    70  gif.o(i.gif_getinfo)
    gif_getnextbyte                          0x0800778b   Thumb Code   856  gif.o(i.gif_getnextbyte)
    gif_getnextcode                          0x08007ae5   Thumb Code   452  gif.o(i.gif_getnextcode)
    gif_getrgb565                            0x08007cad   Thumb Code    28  gif.o(i.gif_getrgb565)
    gif_initlzw                              0x08007cc9   Thumb Code   152  gif.o(i.gif_initlzw)
    gif_readcolortbl                         0x08007d61   Thumb Code    64  gif.o(i.gif_readcolortbl)
    gif_readextension                        0x08007da1   Thumb Code   160  gif.o(i.gif_readextension)
    gif_recovergctbl                         0x08007e41   Thumb Code    38  gif.o(i.gif_recovergctbl)
    gif_savegctbl                            0x08007e67   Thumb Code    38  gif.o(i.gif_savegctbl)
    is_element_ok                            0x08007f4d   Thumb Code    36  piclib.o(i.is_element_ok)
    jd_decomp                                0x08007f75   Thumb Code   162  tjpgd.o(i.jd_decomp)
    jd_prepare                               0x08008017   Thumb Code   924  tjpgd.o(i.jd_prepare)
    jpeg_freeall                             0x080083b5   Thumb Code    28  tjpgd.o(i.jpeg_freeall)
    jpeg_in_func                             0x080083dd   Thumb Code    62  tjpgd.o(i.jpeg_in_func)
    jpeg_mallocall                           0x0800841d   Thumb Code    70  tjpgd.o(i.jpeg_mallocall)
    jpeg_out_func_fill                       0x08008471   Thumb Code    74  tjpgd.o(i.jpeg_out_func_fill)
    jpeg_out_func_point                      0x080084c5   Thumb Code   182  tjpgd.o(i.jpeg_out_func_point)
    jpg_decode                               0x08008585   Thumb Code   232  tjpgd.o(i.jpg_decode)
    main                                     0x0800884d   Thumb Code   930  main.o(i.main)
    my_mem_free                              0x080092b5   Thumb Code    96  malloc.o(i.my_mem_free)
    my_mem_init                              0x08009321   Thumb Code    54  malloc.o(i.my_mem_init)
    my_mem_malloc                            0x08009365   Thumb Code   156  malloc.o(i.my_mem_malloc)
    my_mem_perused                           0x0800940d   Thumb Code    54  malloc.o(i.my_mem_perused)
    my_mem_set                               0x0800944d   Thumb Code    20  malloc.o(i.my_mem_set)
    myfree                                   0x08009461   Thumb Code    30  malloc.o(i.myfree)
    mymalloc                                 0x08009485   Thumb Code    34  malloc.o(i.mymalloc)
    pic_memalloc                             0x080094ad   Thumb Code    14  piclib.o(i.pic_memalloc)
    pic_memfree                              0x080094bb   Thumb Code    14  piclib.o(i.pic_memfree)
    picfile_display                          0x080094c9   Thumb Code   194  piclib.o(i.picfile_display)
    piclib_draw_hline                        0x08009621   Thumb Code    52  piclib.o(i.piclib_draw_hline)
    piclib_fill_color                        0x08009659   Thumb Code    44  piclib.o(i.piclib_fill_color)
    piclib_init                              0x08009685   Thumb Code    58  piclib.o(i.piclib_init)
    stdbmp_decode                            0x08009ac5   Thumb Code   724  bmp.o(i.stdbmp_decode)
    ascii_1206                               0x08009fda   Data        1140  tftlcd.o(.constdata)
    ascii_1608                               0x0800a44e   Data        1520  tftlcd.o(.constdata)
    ascii_2412                               0x0800aa3e   Data        3420  tftlcd.o(.constdata)
    ascii_3216                               0x0800b79a   Data       12160  tftlcd.o(.constdata)
    CnChar32x29                              0x0800e71a   Data         472  tftlcd.o(.constdata)
    memtblsize                               0x0800e8f4   Data           8  malloc.o(.constdata)
    memblksize                               0x0800e8fc   Data           8  malloc.o(.constdata)
    memsize                                  0x0800e904   Data           8  malloc.o(.constdata)
    FILE_TYPE_TBL                            0x0800e958   Data         312  fatfs_app.o(.constdata)
    _aMaskTbl                                0x0800ee50   Data          32  gif.o(.constdata)
    _aInterlaceOffset                        0x0800ee70   Data           4  gif.o(.constdata)
    _aInterlaceYPos                          0x0800ee74   Data           4  gif.o(.constdata)
    Region$$Table$$Base                      0x0800f39c   Number         0  anon$$obj.o(Region$$Table)
    Region$$Table$$Limit                     0x0800f3bc   Number         0  anon$$obj.o(Region$$Table)
    FRONT_COLOR                              0x20000014   Data           2  tftlcd.o(.data)
    BACK_COLOR                               0x20000016   Data           2  tftlcd.o(.data)
    tftlcd_data                              0x20000018   Data           8  tftlcd.o(.data)
    EN25QXX_TYPE                             0x20000020   Data           2  flash.o(.data)
    TransferError                            0x2000002e   Data           1  sd_sdio.o(.data)
    TransferEnd                              0x2000002f   Data           1  sd_sdio.o(.data)
    tempbuff                                 0x20000030   Data           4  sd_sdio.o(.data)
    USART1_RX_STA                            0x20000038   Data           2  usart.o(.data)
    malloc_cortol                            0x2000003c   Data          28  malloc.o(.data)
    FLASH_SECTOR_COUNT                       0x20000058   Data           2  diskio.o(.data)
    file                                     0x2000005c   Data           4  fatfs_app.o(.data)
    ftemp                                    0x20000060   Data           4  fatfs_app.o(.data)
    br                                       0x20000064   Data           4  fatfs_app.o(.data)
    bw                                       0x20000068   Data           4  fatfs_app.o(.data)
    fatbuf                                   0x2000006c   Data           4  fatfs_app.o(.data)
    gifdecoding                              0x20000070   Data           1  gif.o(.data)
    f_jpeg                                   0x20000074   Data           4  tjpgd.o(.data)
    jpeg_dev                                 0x20000078   Data           4  tjpgd.o(.data)
    jpg_buffer                               0x2000007c   Data           4  tjpgd.o(.data)
    __stdout                                 0x20000080   Data           4  stdout.o(.data)
    EN25QXX_BUFFER                           0x20000084   Data        4096  flash.o(.bss)
    SDIO_InitStructure                       0x20001088   Data          24  sd_sdio.o(.bss)
    SDIO_CmdInitStructure                    0x200010a0   Data          20  sd_sdio.o(.bss)
    SDIO_DataInitStructure                   0x200010b4   Data          24  sd_sdio.o(.bss)
    SDCardInfo                               0x200010f0   Data          88  sd_sdio.o(.bss)
    SDIO_DATA_BUFFER                         0x20001148   Data         512  sd_sdio.o(.bss)
    USART1_RX_BUF                            0x20001348   Data         200  usart.o(.bss)
    mem1base                                 0x20001420   Data       40960  malloc.o(.bss)
    mem1mapbase                              0x2000b420   Data        2560  malloc.o(.bss)
    fs                                       0x2000be30   Data          16  fatfs_app.o(.bss)
    fileinfo                                 0x2000be40   Data         288  fatfs_app.o(.bss)
    dir                                      0x2000bf60   Data          72  fatfs_app.o(.bss)
    ftinfo                                   0x2000bfa8   Data          41  font_update.o(.bss)
    picinfo                                  0x2000bfd4   Data          40  piclib.o(.bss)
    pic_phy                                  0x2000bffc   Data          20  piclib.o(.bss)
    __initial_sp                             0x2000c410   Data           0  startup_stm32f10x_hd.o(STACK)
    mem2base                                 0x68000000   Data       983040  malloc.o(.ARM.__AT_0x68000000)
    mem2mapbase                              0x680f0000   Data       61440  malloc.o(.ARM.__AT_0x680F0000)



==============================================================================

Memory Map of the image

  Image Entry point : 0x08000131

  Load Region LR_IROM1 (Base: 0x08000000, Size: 0x0000f440, Max: 0x00080000, ABSOLUTE)

    Execution Region ER_IROM1 (Exec base: 0x08000000, Load base: 0x08000000, Size: 0x0000f3bc, Max: 0x00080000, ABSOLUTE)

    Exec Addr    Load Addr    Size         Type   Attr      Idx    E Section Name        Object

    0x08000000   0x08000000   0x00000130   Data   RO          268    RESET               startup_stm32f10x_hd.o
    0x08000130   0x08000130   0x00000000   Code   RO         4635  * .ARM.Collect$$$$00000000  mc_w.l(entry.o)
    0x08000130   0x08000130   0x00000004   Code   RO         4935    .ARM.Collect$$$$00000001  mc_w.l(entry2.o)
    0x08000134   0x08000134   0x00000004   Code   RO         4938    .ARM.Collect$$$$00000004  mc_w.l(entry5.o)
    0x08000138   0x08000138   0x00000000   Code   RO         4940    .ARM.Collect$$$$00000008  mc_w.l(entry7b.o)
    0x08000138   0x08000138   0x00000000   Code   RO         4942    .ARM.Collect$$$$0000000A  mc_w.l(entry8b.o)
    0x08000138   0x08000138   0x00000008   Code   RO         4943    .ARM.Collect$$$$0000000B  mc_w.l(entry9a.o)
    0x08000140   0x08000140   0x00000000   Code   RO         4945    .ARM.Collect$$$$0000000D  mc_w.l(entry10a.o)
    0x08000140   0x08000140   0x00000000   Code   RO         4947    .ARM.Collect$$$$0000000F  mc_w.l(entry11a.o)
    0x08000140   0x08000140   0x00000004   Code   RO         4936    .ARM.Collect$$$$00002712  mc_w.l(entry2.o)
    0x08000144   0x08000144   0x00000024   Code   RO          269    .text               startup_stm32f10x_hd.o
    0x08000168   0x08000168   0x00000062   Code   RO         4638    .text               mc_w.l(uldiv.o)
    0x080001ca   0x080001ca   0x00000062   Code   RO         4640    .text               mc_w.l(ldiv.o)
    0x0800022c   0x0800022c   0x00000024   Code   RO         4642    .text               mc_w.l(memcpya.o)
    0x08000250   0x08000250   0x00000018   Code   RO         4644    .text               mc_w.l(strcat.o)
    0x08000268   0x08000268   0x0000001c   Code   RO         4648    .text               mc_w.l(strcmp.o)
    0x08000284   0x08000284   0x00000012   Code   RO         4650    .text               mc_w.l(strcpy.o)
    0x08000296   0x08000296   0x000000b0   Code   RO         4915    .text               mf_w.l(fadd.o)
    0x08000346   0x08000346   0x00000064   Code   RO         4917    .text               mf_w.l(fmul.o)
    0x080003aa   0x080003aa   0x0000007c   Code   RO         4919    .text               mf_w.l(fdiv.o)
    0x08000426   0x08000426   0x0000000a   Code   RO         4923    .text               mf_w.l(ffltui.o)
    0x08000430   0x08000430   0x00000028   Code   RO         4927    .text               mf_w.l(ffixui.o)
    0x08000458   0x08000458   0x00000014   Code   RO         4931    .text               mf_w.l(cfcmple.o)
    0x0800046c   0x0800046c   0x00000014   Code   RO         4933    .text               mf_w.l(cfrcmple.o)
    0x08000480   0x08000480   0x0000001e   Code   RO         4952    .text               mc_w.l(llshl.o)
    0x0800049e   0x0800049e   0x00000020   Code   RO         4954    .text               mc_w.l(llushr.o)
    0x080004be   0x080004be   0x00000000   Code   RO         4956    .text               mc_w.l(iusefp.o)
    0x080004be   0x080004be   0x0000006e   Code   RO         4957    .text               mf_w.l(fepilogue.o)
    0x0800052c   0x0800052c   0x00000024   Code   RO         4969    .text               mc_w.l(init.o)
    0x08000550   0x08000550   0x00000004   Code   RO          181    i.BusFault_Handler  stm32f10x_it.o
    0x08000554   0x08000554   0x00000030   Code   RO         3298    i.CmdError          sd_sdio.o
    0x08000584   0x08000584   0x00000060   Code   RO         3299    i.CmdResp1Error     sd_sdio.o
    0x080005e4   0x080005e4   0x00000054   Code   RO         3300    i.CmdResp2Error     sd_sdio.o
    0x08000638   0x08000638   0x00000038   Code   RO         3301    i.CmdResp3Error     sd_sdio.o
    0x08000670   0x08000670   0x00000090   Code   RO         3302    i.CmdResp6Error     sd_sdio.o
    0x08000700   0x08000700   0x0000004c   Code   RO         3303    i.CmdResp7Error     sd_sdio.o
    0x0800074c   0x0800074c   0x00000018   Code   RO         1942    i.DMA_Cmd           stm32f10x_dma.o
    0x08000764   0x08000764   0x0000014c   Code   RO         1943    i.DMA_DeInit        stm32f10x_dma.o
    0x080008b0   0x080008b0   0x0000003c   Code   RO         1948    i.DMA_Init          stm32f10x_dma.o
    0x080008ec   0x080008ec   0x00000002   Code   RO          182    i.DebugMon_Handler  stm32f10x_it.o
    0x080008ee   0x080008ee   0x00000002   PAD
    0x080008f0   0x080008f0   0x00000058   Code   RO         3171    i.EN25QXX_Erase_Sector  flash.o
    0x08000948   0x08000948   0x00000098   Code   RO         3172    i.EN25QXX_Init      flash.o
    0x080009e0   0x080009e0   0x00000050   Code   RO         3174    i.EN25QXX_Read      flash.o
    0x08000a30   0x08000a30   0x00000048   Code   RO         3175    i.EN25QXX_ReadID    flash.o
    0x08000a78   0x08000a78   0x0000002c   Code   RO         3176    i.EN25QXX_ReadSR    flash.o
    0x08000aa4   0x08000aa4   0x00000012   Code   RO         3178    i.EN25QXX_Wait_Busy  flash.o
    0x08000ab6   0x08000ab6   0x00000002   PAD
    0x08000ab8   0x08000ab8   0x000000b8   Code   RO         3179    i.EN25QXX_Write     flash.o
    0x08000b70   0x08000b70   0x00000020   Code   RO         3181    i.EN25QXX_Write_Enable  flash.o
    0x08000b90   0x08000b90   0x00000046   Code   RO         3182    i.EN25QXX_Write_NoCheck  flash.o
    0x08000bd6   0x08000bd6   0x00000002   PAD
    0x08000bd8   0x08000bd8   0x00000054   Code   RO         3183    i.EN25QXX_Write_Page  flash.o
    0x08000c2c   0x08000c2c   0x00000084   Code   RO         4125    i.FATFS_Init        fatfs_app.o
    0x08000cb0   0x08000cb0   0x00000034   Code   RO         2268    i.FSMC_NORSRAMCmd   stm32f10x_fsmc.o
    0x08000ce4   0x08000ce4   0x000000e6   Code   RO         2270    i.FSMC_NORSRAMInit  stm32f10x_fsmc.o
    0x08000dca   0x08000dca   0x00000002   PAD
    0x08000dcc   0x08000dcc   0x00000194   Code   RO         3304    i.FindSCR           sd_sdio.o
    0x08000f60   0x08000f60   0x00000116   Code   RO          280    i.GPIO_Init         stm32f10x_gpio.o
    0x08001076   0x08001076   0x00000004   Code   RO          288    i.GPIO_SetBits      stm32f10x_gpio.o
    0x0800107a   0x0800107a   0x00000002   PAD
    0x0800107c   0x0800107c   0x000000f0   Code   RO         4220    i.Get_HzMat         font_show.o
    0x0800116c   0x0800116c   0x00000004   Code   RO          183    i.HardFault_Handler  stm32f10x_it.o
    0x08001170   0x08001170   0x00000004   Code   RO         3498    i.INTX_DISABLE      system.o
    0x08001174   0x08001174   0x00000004   Code   RO         3499    i.INTX_ENABLE       system.o
    0x08001178   0x08001178   0x0000009c   Code   RO         3305    i.IsCardProgramming  sd_sdio.o
    0x08001214   0x08001214   0x0000003c   Code   RO         3276    i.KEY_Init          key.o
    0x08001250   0x08001250   0x000000a0   Code   RO         3277    i.KEY_Scan          key.o
    0x080012f0   0x080012f0   0x00000048   Code   RO         2940    i.LCD_Clear         tftlcd.o
    0x08001338   0x08001338   0x0000005e   Code   RO         2941    i.LCD_Color_Fill    tftlcd.o
    0x08001396   0x08001396   0x00000002   PAD
    0x08001398   0x08001398   0x00000048   Code   RO         2942    i.LCD_Display_Dir   tftlcd.o
    0x080013e0   0x080013e0   0x0000001c   Code   RO         2943    i.LCD_DrawFRONT_COLOR  tftlcd.o
    0x080013fc   0x080013fc   0x0000005c   Code   RO         2950    i.LCD_Fill          tftlcd.o
    0x08001458   0x08001458   0x0000000c   Code   RO         2953    i.LCD_ReadData      tftlcd.o
    0x08001464   0x08001464   0x00000058   Code   RO         2954    i.LCD_ReadPoint     tftlcd.o
    0x080014bc   0x080014bc   0x0000004a   Code   RO         2956    i.LCD_Set_Window    tftlcd.o
    0x08001506   0x08001506   0x00000002   PAD
    0x08001508   0x08001508   0x00000128   Code   RO         2957    i.LCD_ShowChar      tftlcd.o
    0x08001630   0x08001630   0x000000c2   Code   RO         4221    i.LCD_ShowFontString  font_show.o
    0x080016f2   0x080016f2   0x00000066   Code   RO         2961    i.LCD_ShowString    tftlcd.o
    0x08001758   0x08001758   0x000000cc   Code   RO         4223    i.LCD_Show_Font     font_show.o
    0x08001824   0x08001824   0x0000000c   Code   RO         2963    i.LCD_WriteCmd      tftlcd.o
    0x08001830   0x08001830   0x0000000c   Code   RO         2965    i.LCD_WriteData     tftlcd.o
    0x0800183c   0x0800183c   0x00000010   Code   RO         2966    i.LCD_WriteData_Color  tftlcd.o
    0x0800184c   0x0800184c   0x0000004c   Code   RO         2925    i.LED_Init          led.o
    0x08001898   0x08001898   0x00000004   Code   RO          184    i.MemManage_Handler  stm32f10x_it.o
    0x0800189c   0x0800189c   0x00000002   Code   RO          185    i.NMI_Handler       stm32f10x_it.o
    0x0800189e   0x0800189e   0x00000002   PAD
    0x080018a0   0x080018a0   0x00000070   Code   RO          588    i.NVIC_Init         misc.o
    0x08001910   0x08001910   0x00000014   Code   RO          589    i.NVIC_PriorityGroupConfig  misc.o
    0x08001924   0x08001924   0x00000002   Code   RO          186    i.PendSV_Handler    stm32f10x_it.o
    0x08001926   0x08001926   0x00000002   PAD
    0x08001928   0x08001928   0x00000020   Code   RO          389    i.RCC_AHBPeriphClockCmd  stm32f10x_rcc.o
    0x08001948   0x08001948   0x00000020   Code   RO          390    i.RCC_APB1PeriphClockCmd  stm32f10x_rcc.o
    0x08001968   0x08001968   0x00000020   Code   RO          392    i.RCC_APB2PeriphClockCmd  stm32f10x_rcc.o
    0x08001988   0x08001988   0x000000d4   Code   RO          400    i.RCC_GetClocksFreq  stm32f10x_rcc.o
    0x08001a5c   0x08001a5c   0x000000ac   Code   RO         3306    i.SDEnWideBus       sd_sdio.o
    0x08001b08   0x08001b08   0x0000000c   Code   RO         2696    i.SDIO_ClearFlag    stm32f10x_sdio.o
    0x08001b14   0x08001b14   0x0000000c   Code   RO         2698    i.SDIO_ClockCmd     stm32f10x_sdio.o
    0x08001b20   0x08001b20   0x00000014   Code   RO         3307    i.SDIO_Clock_Set    sd_sdio.o
    0x08001b34   0x08001b34   0x0000000c   Code   RO         2701    i.SDIO_DMACmd       stm32f10x_sdio.o
    0x08001b40   0x08001b40   0x00000030   Code   RO         2702    i.SDIO_DataConfig   stm32f10x_sdio.o
    0x08001b70   0x08001b70   0x00000024   Code   RO         2704    i.SDIO_DeInit       stm32f10x_sdio.o
    0x08001b94   0x08001b94   0x00000018   Code   RO         2708    i.SDIO_GetFlagStatus  stm32f10x_sdio.o
    0x08001bac   0x08001bac   0x00000010   Code   RO         2710    i.SDIO_GetPowerState  stm32f10x_sdio.o
    0x08001bbc   0x08001bbc   0x00000008   Code   RO         3308    i.SDIO_IRQHandler   sd_sdio.o
    0x08001bc4   0x08001bc4   0x00000030   Code   RO         2713    i.SDIO_Init         stm32f10x_sdio.o
    0x08001bf4   0x08001bf4   0x0000000c   Code   RO         2714    i.SDIO_ReadData     stm32f10x_sdio.o
    0x08001c00   0x08001c00   0x0000002c   Code   RO         2716    i.SDIO_SendCommand  stm32f10x_sdio.o
    0x08001c2c   0x08001c2c   0x0000001c   Code   RO         2718    i.SDIO_SetPowerState  stm32f10x_sdio.o
    0x08001c48   0x08001c48   0x0000000c   Code   RO         2724    i.SDIO_WriteData    stm32f10x_sdio.o
    0x08001c54   0x08001c54   0x00000068   Code   RO         3309    i.SD_DMA_Config     sd_sdio.o
    0x08001cbc   0x08001cbc   0x00000068   Code   RO         3310    i.SD_EnableWideBusOperation  sd_sdio.o
    0x08001d24   0x08001d24   0x00000314   Code   RO         3311    i.SD_GetCardInfo    sd_sdio.o
    0x08002038   0x08002038   0x00000100   Code   RO         3313    i.SD_Init           sd_sdio.o
    0x08002138   0x08002138   0x00000154   Code   RO         3314    i.SD_InitializeCards  sd_sdio.o
    0x0800228c   0x0800228c   0x000001dc   Code   RO         3316    i.SD_PowerON        sd_sdio.o
    0x08002468   0x08002468   0x0000013c   Code   RO         3317    i.SD_ProcessIRQSrc  sd_sdio.o
    0x080025a4   0x080025a4   0x00000258   Code   RO         3318    i.SD_ReadBlock      sd_sdio.o
    0x080027fc   0x080027fc   0x00000098   Code   RO         3319    i.SD_ReadDisk       sd_sdio.o
    0x08002894   0x08002894   0x000002e8   Code   RO         3320    i.SD_ReadMultiBlocks  sd_sdio.o
    0x08002b7c   0x08002b7c   0x00000030   Code   RO         3321    i.SD_SelectDeselect  sd_sdio.o
    0x08002bac   0x08002bac   0x00000018   Code   RO         3323    i.SD_SetDeviceMode  sd_sdio.o
    0x08002bc4   0x08002bc4   0x00000374   Code   RO         3324    i.SD_WriteBlock     sd_sdio.o
    0x08002f38   0x08002f38   0x00000098   Code   RO         3325    i.SD_WriteDisk      sd_sdio.o
    0x08002fd0   0x08002fd0   0x000003c0   Code   RO         3326    i.SD_WriteMultiBlocks  sd_sdio.o
    0x08003390   0x08003390   0x0000008c   Code   RO         3143    i.SPI2_Init         spi.o
    0x0800341c   0x0800341c   0x00000038   Code   RO         3144    i.SPI2_ReadWriteByte  spi.o
    0x08003454   0x08003454   0x00000028   Code   RO         3145    i.SPI2_SetSpeed     spi.o
    0x0800347c   0x0800347c   0x00000018   Code   RO         2382    i.SPI_Cmd           stm32f10x_spi.o
    0x08003494   0x08003494   0x00000012   Code   RO         2390    i.SPI_I2S_GetFlagStatus  stm32f10x_spi.o
    0x080034a6   0x080034a6   0x00000006   Code   RO         2393    i.SPI_I2S_ReceiveData  stm32f10x_spi.o
    0x080034ac   0x080034ac   0x00000004   Code   RO         2394    i.SPI_I2S_SendData  stm32f10x_spi.o
    0x080034b0   0x080034b0   0x0000003c   Code   RO         2395    i.SPI_Init          stm32f10x_spi.o
    0x080034ec   0x080034ec   0x00000002   Code   RO          187    i.SVC_Handler       stm32f10x_it.o
    0x080034ee   0x080034ee   0x00000008   Code   RO         2881    i.SetSysClock       system_stm32f10x.o
    0x080034f6   0x080034f6   0x00000002   PAD
    0x080034f8   0x080034f8   0x000000e0   Code   RO         2882    i.SetSysClockTo72   system_stm32f10x.o
    0x080035d8   0x080035d8   0x00000028   Code   RO          592    i.SysTick_CLKSourceConfig  misc.o
    0x08003600   0x08003600   0x00000002   Code   RO          188    i.SysTick_Handler   stm32f10x_it.o
    0x08003602   0x08003602   0x00000002   PAD
    0x08003604   0x08003604   0x0000003c   Code   RO         3519    i.SysTick_Init      systick.o
    0x08003640   0x08003640   0x00000060   Code   RO         2884    i.SystemInit        system_stm32f10x.o
    0x080036a0   0x080036a0   0x0000007e   Code   RO         2967    i.TFTLCD_FSMC_Init  tftlcd.o
    0x0800371e   0x0800371e   0x00000002   PAD
    0x08003720   0x08003720   0x00000098   Code   RO         2968    i.TFTLCD_GPIO_Init  tftlcd.o
    0x080037b8   0x080037b8   0x00000254   Code   RO         2969    i.TFTLCD_Init       tftlcd.o
    0x08003a0c   0x08003a0c   0x00000088   Code   RO         3548    i.USART1_IRQHandler  usart.o
    0x08003a94   0x08003a94   0x000000b0   Code   RO         3549    i.USART1_Init       usart.o
    0x08003b44   0x08003b44   0x00000012   Code   RO         1226    i.USART_ClearFlag   stm32f10x_usart.o
    0x08003b56   0x08003b56   0x00000018   Code   RO         1230    i.USART_Cmd         stm32f10x_usart.o
    0x08003b6e   0x08003b6e   0x0000001a   Code   RO         1233    i.USART_GetFlagStatus  stm32f10x_usart.o
    0x08003b88   0x08003b88   0x00000054   Code   RO         1234    i.USART_GetITStatus  stm32f10x_usart.o
    0x08003bdc   0x08003bdc   0x0000004a   Code   RO         1236    i.USART_ITConfig    stm32f10x_usart.o
    0x08003c26   0x08003c26   0x00000002   PAD
    0x08003c28   0x08003c28   0x000000d8   Code   RO         1237    i.USART_Init        stm32f10x_usart.o
    0x08003d00   0x08003d00   0x0000000a   Code   RO         1244    i.USART_ReceiveData  stm32f10x_usart.o
    0x08003d0a   0x08003d0a   0x00000008   Code   RO         1247    i.USART_SendData    stm32f10x_usart.o
    0x08003d12   0x08003d12   0x00000004   Code   RO          189    i.UsageFault_Handler  stm32f10x_it.o
    0x08003d16   0x08003d16   0x00000002   PAD
    0x08003d18   0x08003d18   0x00000020   Code   RO         4787    i.__0printf$5       mc_w.l(printf5.o)
    0x08003d38   0x08003d38   0x0000000e   Code   RO         4975    i.__scatterload_copy  mc_w.l(handlers.o)
    0x08003d46   0x08003d46   0x00000002   Code   RO         4976    i.__scatterload_null  mc_w.l(handlers.o)
    0x08003d48   0x08003d48   0x0000000e   Code   RO         4977    i.__scatterload_zeroinit  mc_w.l(handlers.o)
    0x08003d56   0x08003d56   0x00000002   PAD
    0x08003d58   0x08003d58   0x000002c0   Code   RO         4794    i._printf_core      mc_w.l(printf5.o)
    0x08004018   0x08004018   0x0000010c   Code   RO         4450    i.ai_draw_init      piclib.o
    0x08004124   0x08004124   0x0000001e   Code   RO         4516    i.alloc_pool        tjpgd.o
    0x08004142   0x08004142   0x00000090   Code   RO         4517    i.bitext            tjpgd.o
    0x080041d2   0x080041d2   0x00000002   PAD
    0x080041d4   0x080041d4   0x000002a8   Code   RO         4518    i.block_idct        tjpgd.o
    0x0800447c   0x0800447c   0x00000088   Code   RO         3712    i.change_bitmap     ff.o
    0x08004504   0x08004504   0x0000001a   Code   RO         4126    i.char_upper        fatfs_app.o
    0x0800451e   0x0800451e   0x00000002   PAD
    0x08004520   0x08004520   0x00000084   Code   RO         3713    i.check_fs          ff.o
    0x080045a4   0x080045a4   0x00000014   Code   RO         3714    i.chk_chr           ff.o
    0x080045b8   0x080045b8   0x00000062   Code   RO         3715    i.clmt_clust        ff.o
    0x0800461a   0x0800461a   0x0000001a   Code   RO         3716    i.clust2sect        ff.o
    0x08004634   0x08004634   0x00000098   Code   RO         3717    i.cmp_lfn           ff.o
    0x080046cc   0x080046cc   0x00000012   Code   RO         3327    i.convert_from_bytes_to_power_of_two  sd_sdio.o
    0x080046de   0x080046de   0x0000015e   Code   RO         3718    i.create_chain      ff.o
    0x0800483c   0x0800483c   0x00000134   Code   RO         4519    i.create_huffman_tbl  tjpgd.o
    0x08004970   0x08004970   0x00000270   Code   RO         3719    i.create_name       ff.o
    0x08004be0   0x08004be0   0x00000074   Code   RO         4520    i.create_qt_tbl     tjpgd.o
    0x08004c54   0x08004c54   0x00000090   Code   RO         3720    i.create_xdir       ff.o
    0x08004ce4   0x08004ce4   0x0000004c   Code   RO         3520    i.delay_ms          systick.o
    0x08004d30   0x08004d30   0x0000007c   Code   RO         3721    i.dir_alloc         ff.o
    0x08004dac   0x08004dac   0x000001a0   Code   RO         3722    i.dir_find          ff.o
    0x08004f4c   0x08004f4c   0x00000120   Code   RO         3723    i.dir_next          ff.o
    0x0800506c   0x0800506c   0x00000104   Code   RO         3724    i.dir_read          ff.o
    0x08005170   0x08005170   0x0000020c   Code   RO         3725    i.dir_register      ff.o
    0x0800537c   0x0800537c   0x000000aa   Code   RO         3727    i.dir_sdi           ff.o
    0x08005426   0x08005426   0x00000002   PAD
    0x08005428   0x08005428   0x00000038   Code   RO         3649    i.disk_initialize   diskio.o
    0x08005460   0x08005460   0x000000b4   Code   RO         3650    i.disk_ioctl        diskio.o
    0x08005514   0x08005514   0x0000007a   Code   RO         3651    i.disk_read         diskio.o
    0x0800558e   0x0800558e   0x00000006   Code   RO         3652    i.disk_status       diskio.o
    0x08005594   0x08005594   0x0000007a   Code   RO         3653    i.disk_write        diskio.o
    0x0800560e   0x0800560e   0x00000026   Code   RO         3728    i.f_close           ff.o
    0x08005634   0x08005634   0x00000408   Code   RO         3733    i.f_lseek           ff.o
    0x08005a3c   0x08005a3c   0x0000005c   Code   RO         3736    i.f_mount           ff.o
    0x08005a98   0x08005a98   0x000002bc   Code   RO         3737    i.f_open            ff.o
    0x08005d54   0x08005d54   0x000000e2   Code   RO         3738    i.f_opendir         ff.o
    0x08005e36   0x08005e36   0x00000228   Code   RO         3742    i.f_read            ff.o
    0x0800605e   0x0800605e   0x0000007a   Code   RO         3743    i.f_readdir         ff.o
    0x080060d8   0x080060d8   0x0000018e   Code   RO         3747    i.f_sync            ff.o
    0x08006266   0x08006266   0x00000002   PAD
    0x08006268   0x08006268   0x000000c0   Code   RO         4127    i.f_typetell        fatfs_app.o
    0x08006328   0x08006328   0x000000ac   Code   RO         4131    i.fatfs_get_filetype_tnum  fatfs_app.o
    0x080063d4   0x080063d4   0x00000098   Code   RO         4201    i.ff_convert        mycc936.o
    0x0800646c   0x0800646c   0x0000000e   Code   RO         3654    i.ff_memalloc       diskio.o
    0x0800647a   0x0800647a   0x0000000e   Code   RO         3655    i.ff_memfree        diskio.o
    0x08006488   0x08006488   0x00000038   Code   RO         4202    i.ff_wtoupper       mycc936.o
    0x080064c0   0x080064c0   0x00000036   Code   RO         3751    i.fill_fat_chain    ff.o
    0x080064f6   0x080064f6   0x000000a4   Code   RO         3752    i.find_bitmap       ff.o
    0x0800659a   0x0800659a   0x00000002   PAD
    0x0800659c   0x0800659c   0x00000458   Code   RO         3753    i.find_volume       ff.o
    0x080069f4   0x080069f4   0x000000e4   Code   RO         3754    i.follow_path       ff.o
    0x08006ad8   0x08006ad8   0x00000044   Code   RO         4257    i.font_init         font_update.o
    0x08006b1c   0x08006b1c   0x00000024   Code   RO         3550    i.fputc             usart.o
    0x08006b40   0x08006b40   0x000000cc   Code   RO         3755    i.gen_numname       ff.o
    0x08006c0c   0x08006c0c   0x0000017a   Code   RO         3756    i.get_fat           ff.o
    0x08006d86   0x08006d86   0x00000004   Code   RO         3656    i.get_fattime       diskio.o
    0x08006d8a   0x08006d8a   0x00000162   Code   RO         3757    i.get_fileinfo      ff.o
    0x08006eec   0x08006eec   0x0000004a   Code   RO         3758    i.get_ldnumber      ff.o
    0x08006f36   0x08006f36   0x000000bc   Code   RO         3759    i.get_xdir_info     ff.o
    0x08006ff2   0x08006ff2   0x00000058   Code   RO         4341    i.gif_check_head    gif.o
    0x0800704a   0x0800704a   0x00000002   PAD
    0x0800704c   0x0800704c   0x000001f4   Code   RO         4342    i.gif_clear2bkcolor  gif.o
    0x08007240   0x08007240   0x0000012c   Code   RO         4343    i.gif_decode        gif.o
    0x0800736c   0x0800736c   0x00000218   Code   RO         4344    i.gif_dispimage     gif.o
    0x08007584   0x08007584   0x00000158   Code   RO         4345    i.gif_drawimage     gif.o
    0x080076dc   0x080076dc   0x00000068   Code   RO         4346    i.gif_getdatablock  gif.o
    0x08007744   0x08007744   0x00000046   Code   RO         4347    i.gif_getinfo       gif.o
    0x0800778a   0x0800778a   0x00000358   Code   RO         4348    i.gif_getnextbyte   gif.o
    0x08007ae2   0x08007ae2   0x00000002   PAD
    0x08007ae4   0x08007ae4   0x000001c8   Code   RO         4349    i.gif_getnextcode   gif.o
    0x08007cac   0x08007cac   0x0000001c   Code   RO         4350    i.gif_getrgb565     gif.o
    0x08007cc8   0x08007cc8   0x00000098   Code   RO         4351    i.gif_initlzw       gif.o
    0x08007d60   0x08007d60   0x00000040   Code   RO         4353    i.gif_readcolortbl  gif.o
    0x08007da0   0x08007da0   0x000000a0   Code   RO         4354    i.gif_readextension  gif.o
    0x08007e40   0x08007e40   0x00000026   Code   RO         4355    i.gif_recovergctbl  gif.o
    0x08007e66   0x08007e66   0x00000026   Code   RO         4356    i.gif_savegctbl     gif.o
    0x08007e8c   0x08007e8c   0x000000c0   Code   RO         4521    i.huffext           tjpgd.o
    0x08007f4c   0x08007f4c   0x00000028   Code   RO         4451    i.is_element_ok     piclib.o
    0x08007f74   0x08007f74   0x000000a2   Code   RO         4522    i.jd_decomp         tjpgd.o
    0x08008016   0x08008016   0x0000039c   Code   RO         4523    i.jd_prepare        tjpgd.o
    0x080083b2   0x080083b2   0x00000002   PAD
    0x080083b4   0x080083b4   0x00000028   Code   RO         4524    i.jpeg_freeall      tjpgd.o
    0x080083dc   0x080083dc   0x0000003e   Code   RO         4525    i.jpeg_in_func      tjpgd.o
    0x0800841a   0x0800841a   0x00000002   PAD
    0x0800841c   0x0800841c   0x00000054   Code   RO         4526    i.jpeg_mallocall    tjpgd.o
    0x08008470   0x08008470   0x00000054   Code   RO         4527    i.jpeg_out_func_fill  tjpgd.o
    0x080084c4   0x080084c4   0x000000c0   Code   RO         4528    i.jpeg_out_func_point  tjpgd.o
    0x08008584   0x08008584   0x00000104   Code   RO         4529    i.jpg_decode        tjpgd.o
    0x08008688   0x08008688   0x00000026   Code   RO         3760    i.ld_clust          ff.o
    0x080086ae   0x080086ae   0x00000018   Code   RO         3761    i.ld_dword          ff.o
    0x080086c6   0x080086c6   0x00000062   Code   RO         3762    i.ld_qword          ff.o
    0x08008728   0x08008728   0x0000000c   Code   RO         3763    i.ld_word           ff.o
    0x08008734   0x08008734   0x0000003c   Code   RO         3764    i.load_obj_dir      ff.o
    0x08008770   0x08008770   0x000000dc   Code   RO         3765    i.load_xdir         ff.o
    0x0800884c   0x0800884c   0x00000470   Code   RO            1    i.main              main.o
    0x08008cbc   0x08008cbc   0x000001e0   Code   RO         4530    i.mcu_load          tjpgd.o
    0x08008e9c   0x08008e9c   0x00000394   Code   RO         4531    i.mcu_output        tjpgd.o
    0x08009230   0x08009230   0x00000024   Code   RO         3766    i.mem_cmp           ff.o
    0x08009254   0x08009254   0x0000001a   Code   RO         3767    i.mem_cpy           ff.o
    0x0800926e   0x0800926e   0x00000012   Code   RO         3768    i.mem_set           ff.o
    0x08009280   0x08009280   0x00000034   Code   RO         3769    i.move_window       ff.o
    0x080092b4   0x080092b4   0x0000006c   Code   RO         3580    i.my_mem_free       malloc.o
    0x08009320   0x08009320   0x00000044   Code   RO         3581    i.my_mem_init       malloc.o
    0x08009364   0x08009364   0x000000a8   Code   RO         3582    i.my_mem_malloc     malloc.o
    0x0800940c   0x0800940c   0x00000040   Code   RO         3583    i.my_mem_perused    malloc.o
    0x0800944c   0x0800944c   0x00000014   Code   RO         3584    i.my_mem_set        malloc.o
    0x08009460   0x08009460   0x00000024   Code   RO         3585    i.myfree            malloc.o
    0x08009484   0x08009484   0x00000028   Code   RO         3586    i.mymalloc          malloc.o
    0x080094ac   0x080094ac   0x0000000e   Code   RO         4452    i.pic_memalloc      piclib.o
    0x080094ba   0x080094ba   0x0000000e   Code   RO         4453    i.pic_memfree       piclib.o
    0x080094c8   0x080094c8   0x000000d0   Code   RO         4454    i.picfile_display   piclib.o
    0x08009598   0x08009598   0x00000088   Code   RO         3770    i.pick_lfn          ff.o
    0x08009620   0x08009620   0x00000038   Code   RO         4456    i.piclib_draw_hline  piclib.o
    0x08009658   0x08009658   0x0000002c   Code   RO         4457    i.piclib_fill_color  piclib.o
    0x08009684   0x08009684   0x0000005c   Code   RO         4458    i.piclib_init       piclib.o
    0x080096e0   0x080096e0   0x00000144   Code   RO         3771    i.put_fat           ff.o
    0x08009824   0x08009824   0x00000080   Code   RO         3772    i.put_lfn           ff.o
    0x080098a4   0x080098a4   0x0000010a   Code   RO         3774    i.remove_chain      ff.o
    0x080099ae   0x080099ae   0x00000070   Code   RO         4532    i.restart           tjpgd.o
    0x08009a1e   0x08009a1e   0x00000024   Code   RO         3775    i.st_clust          ff.o
    0x08009a42   0x08009a42   0x00000018   Code   RO         3776    i.st_dword          ff.o
    0x08009a5a   0x08009a5a   0x0000005c   Code   RO         3777    i.st_qword          ff.o
    0x08009ab6   0x08009ab6   0x0000000c   Code   RO         3778    i.st_word           ff.o
    0x08009ac2   0x08009ac2   0x00000002   PAD
    0x08009ac4   0x08009ac4   0x000002dc   Code   RO         4298    i.stdbmp_decode     bmp.o
    0x08009da0   0x08009da0   0x0000006e   Code   RO         3779    i.store_xdir        ff.o
    0x08009e0e   0x08009e0e   0x00000020   Code   RO         3780    i.sum_sfn           ff.o
    0x08009e2e   0x08009e2e   0x00000002   PAD
    0x08009e30   0x08009e30   0x00000090   Code   RO         3781    i.sync_fs           ff.o
    0x08009ec0   0x08009ec0   0x00000052   Code   RO         3782    i.sync_window       ff.o
    0x08009f12   0x08009f12   0x00000042   Code   RO         3783    i.validate          ff.o
    0x08009f54   0x08009f54   0x0000003a   Code   RO         3784    i.xdir_sum          ff.o
    0x08009f8e   0x08009f8e   0x0000004c   Code   RO         3785    i.xname_sum         ff.o
    0x08009fda   0x08009fda   0x00004918   Data   RO         2970    .constdata          tftlcd.o
    0x0800e8f2   0x0800e8f2   0x00000002   PAD
    0x0800e8f4   0x0800e8f4   0x00000018   Data   RO         3591    .constdata          malloc.o
    0x0800e90c   0x0800e90c   0x0000004a   Data   RO         3787    .constdata          ff.o
    0x0800e956   0x0800e956   0x00000002   PAD
    0x0800e958   0x0800e958   0x00000138   Data   RO         4135    .constdata          fatfs_app.o
    0x0800ea90   0x0800ea90   0x000003c0   Data   RO         4203    .constdata          mycc936.o
    0x0800ee50   0x0800ee50   0x00000028   Data   RO         4357    .constdata          gif.o
    0x0800ee78   0x0800ee78   0x000004c0   Data   RO         4533    .constdata          tjpgd.o
    0x0800f338   0x0800f338   0x00000064   Data   RO         4136    .conststring        fatfs_app.o
    0x0800f39c   0x0800f39c   0x00000020   Data   RO         4973    Region$$Table       anon$$obj.o


    Execution Region RW_IRAM1 (Exec base: 0x20000000, Load base: 0x0800f3bc, Size: 0x0000c410, Max: 0x00010000, ABSOLUTE)

    Exec Addr    Load Addr    Size         Type   Attr      Idx    E Section Name        Object

    0x20000000   0x0800f3bc   0x00000014   Data   RW          420    .data               stm32f10x_rcc.o
    0x20000014   0x0800f3d0   0x0000000c   Data   RW         2971    .data               tftlcd.o
    0x20000020   0x0800f3dc   0x00000002   Data   RW         3186    .data               flash.o
    0x20000022   0x0800f3de   0x00000001   Data   RW         3278    .data               key.o
    0x20000023   0x0800f3df   0x00000001   PAD
    0x20000024   0x0800f3e0   0x00000010   Data   RW         3329    .data               sd_sdio.o
    0x20000034   0x0800f3f0   0x00000004   Data   RW         3522    .data               systick.o
    0x20000038   0x0800f3f4   0x00000002   Data   RW         3552    .data               usart.o
    0x2000003a   0x0800f3f6   0x00000002   PAD
    0x2000003c   0x0800f3f8   0x0000001c   Data   RW         3592    .data               malloc.o
    0x20000058   0x0800f414   0x00000002   Data   RW         3657    .data               diskio.o
    0x2000005a   0x0800f416   0x00000002   Data   RW         3788    .data               ff.o
    0x2000005c   0x0800f418   0x00000014   Data   RW         4137    .data               fatfs_app.o
    0x20000070   0x0800f42c   0x00000001   Data   RW         4358    .data               gif.o
    0x20000071   0x0800f42d   0x00000003   PAD
    0x20000074   0x0800f430   0x0000000c   Data   RW         4534    .data               tjpgd.o
    0x20000080   0x0800f43c   0x00000004   Data   RW         4949    .data               mc_w.l(stdout.o)
    0x20000084        -       0x00001000   Zero   RW         3185    .bss                flash.o
    0x20001084   0x0800f440   0x00000004   PAD
    0x20001088        -       0x000002c0   Zero   RW         3328    .bss                sd_sdio.o
    0x20001348        -       0x000000c8   Zero   RW         3551    .bss                usart.o
    0x20001410   0x0800f440   0x00000010   PAD
    0x20001420        -       0x0000aa00   Zero   RW         3590    .bss                malloc.o
    0x2000be20        -       0x00000010   Zero   RW         3786    .bss                ff.o
    0x2000be30        -       0x00000178   Zero   RW         4134    .bss                fatfs_app.o
    0x2000bfa8        -       0x00000029   Zero   RW         4261    .bss                font_update.o
    0x2000bfd1   0x0800f440   0x00000003   PAD
    0x2000bfd4        -       0x0000003c   Zero   RW         4459    .bss                piclib.o
    0x2000c010        -       0x00000400   Zero   RW          266    STACK               startup_stm32f10x_hd.o



  Load Region LR$$.ARM.__AT_0x68000000 (Base: 0x68000000, Size: 0x00000000, Max: 0x000f0000, ABSOLUTE)

    Execution Region ER$$.ARM.__AT_0x68000000 (Exec base: 0x68000000, Load base: 0x68000000, Size: 0x000f0000, Max: 0x000f0000, ABSOLUTE, UNINIT)

    Exec Addr    Load Addr    Size         Type   Attr      Idx    E Section Name        Object

    0x68000000        -       0x000f0000   Zero   RW         3588    .ARM.__AT_0x68000000  malloc.o



  Load Region LR$$.ARM.__AT_0x680F0000 (Base: 0x680f0000, Size: 0x00000000, Max: 0x0000f000, ABSOLUTE)

    Execution Region ER$$.ARM.__AT_0x680F0000 (Exec base: 0x680f0000, Load base: 0x680f0000, Size: 0x0000f000, Max: 0x0000f000, ABSOLUTE, UNINIT)

    Exec Addr    Load Addr    Size         Type   Attr      Idx    E Section Name        Object

    0x680f0000        -       0x0000f000   Zero   RW         3589    .ARM.__AT_0x680F0000  malloc.o


==============================================================================

Image component sizes


      Code (inc. data)   RO Data    RW Data    ZI Data      Debug   Object Name

       732          8          0          0          0       3132   bmp.o
       518         14          0          2          0       7148   diskio.o
       522         22        412         20        376       6289   fatfs_app.o
     11550         94         74          2         16      55165   ff.o
       824        100          0          2       4096       6749   flash.o
       638         14          0          0          0       3421   font_show.o
        68          4          0          0         41       2067   font_update.o
      3734         24         40          1          0      14713   gif.o
       220         20          0          1          0       1166   key.o
        76          8          0          0          0        499   led.o
      1136        206          0          0          0     272791   main.o
       504         60         24         28    1088000       6150   malloc.o
       172         22          0          0          0       2273   misc.o
       208         16        960          0          0       1943   mycc936.o
       736         60          0          0         60       6658   piclib.o
      7230        386          0         16        704      32842   sd_sdio.o
       236         20          0          0          0       1673   spi.o
        36          8        304          0       1024        840   startup_stm32f10x_hd.o
       416          8          0          0          0       3638   stm32f10x_dma.o
       282          6          0          0          0       1981   stm32f10x_fsmc.o
       282          0          0          0          0       2659   stm32f10x_gpio.o
        26          0          0          0          0       3918   stm32f10x_it.o
       308         38          0         20          0       5306   stm32f10x_rcc.o
       304         72          0          0          0       8670   stm32f10x_sdio.o
       112          0          0          0          0       4154   stm32f10x_spi.o
       460          6          0          0          0       7191   stm32f10x_usart.o
         8          0          0          0          0        845   system.o
       328         28          0          0          0       1993   system_stm32f10x.o
       136         12          0          4          0       1254   systick.o
      1844        110      18712         12          0      13110   tftlcd.o
      4786        126       1216         12          0      22897   tjpgd.o
       348         28          0          2        200       2404   usart.o

    ----------------------------------------------------------------------
     38830       1520      21778        128    1094540     505539   Object Totals
         0          0         32          0          0          0   (incl. Generated)
        50          0          4          6         23          0   (incl. Padding)

    ----------------------------------------------------------------------

      Code (inc. data)   RO Data    RW Data    ZI Data      Debug   Library Member Name

         0          0          0          0          0          0   entry.o
         0          0          0          0          0          0   entry10a.o
         0          0          0          0          0          0   entry11a.o
         8          4          0          0          0          0   entry2.o
         4          0          0          0          0          0   entry5.o
         0          0          0          0          0          0   entry7b.o
         0          0          0          0          0          0   entry8b.o
         8          4          0          0          0          0   entry9a.o
        30          0          0          0          0          0   handlers.o
        36          8          0          0          0         68   init.o
         0          0          0          0          0          0   iusefp.o
        98          0          0          0          0         84   ldiv.o
        30          0          0          0          0         68   llshl.o
        32          0          0          0          0         68   llushr.o
        36          0          0          0          0         68   memcpya.o
       736         56          0          0          0        184   printf5.o
         0          0          0          4          0          0   stdout.o
        24          0          0          0          0         68   strcat.o
        28          0          0          0          0         76   strcmp.o
        18          0          0          0          0         68   strcpy.o
        98          0          0          0          0         92   uldiv.o
        20          0          0          0          0         68   cfcmple.o
        20          0          0          0          0         68   cfrcmple.o
       176          0          0          0          0        140   fadd.o
       124          0          0          0          0         88   fdiv.o
       110          0          0          0          0        168   fepilogue.o
        40          0          0          0          0         68   ffixui.o
        10          0          0          0          0         68   ffltui.o
       100          0          0          0          0         76   fmul.o

    ----------------------------------------------------------------------
      1788         72          0          4          0       1588   Library Totals
         2          0          0          0          0          0   (incl. Padding)

    ----------------------------------------------------------------------

      Code (inc. data)   RO Data    RW Data    ZI Data      Debug   Library Name

      1186         72          0          4          0        844   mc_w.l
       600          0          0          0          0        744   mf_w.l

    ----------------------------------------------------------------------
      1788         72          0          4          0       1588   Library Totals

    ----------------------------------------------------------------------

==============================================================================


      Code (inc. data)   RO Data    RW Data    ZI Data      Debug   

     40618       1592      21778        132    1094540     494123   Grand Totals
     40618       1592      21778        132    1094540     494123   ELF Image Totals
     40618       1592      21778        132          0          0   ROM Totals

==============================================================================

    Total RO  Size (Code + RO Data)                62396 (  60.93kB)
    Total RW  Size (RW Data + ZI Data)           1094672 (1069.02kB)
    Total ROM Size (Code + RO Data + RW Data)      62528 (  61.06kB)

==============================================================================

